Component: ARM Compiler 5.06 update 3 (build 300) Tool: armlink [4d35c9]

==============================================================================

Section Cross References

    main.o(.text) refers to hal_rgb_led.o(.text) for rgbLedInit
    main.o(.text) refers to hal_motor.o(.text) for motorInit
    main.o(.text) refers to memseta.o(.text) for __aeabi_memclr4
    main.o(.text) refers to gizwits_protocol.o(.text) for gizGetTimerCount
    main.o(.text) refers to bsp_dht11.o(.text) for DHT11_Read_TempAndHumidity
    main.o(.text) refers to printf8.o(i.__0printf$8) for __2printf
    main.o(.text) refers to uwrite4.o(.text) for __aeabi_uwrite4
    main.o(.text) refers to hal_key.o(.text) for keyInitOne
    main.o(.text) refers to memcpya.o(.text) for __aeabi_memcpy4
    main.o(.text) refers to stm32f0xx_rcc.o(.text) for RCC_DeInit
    main.o(.text) refers to delay.o(.text) for delay_init
    main.o(.text) refers to bsp_usart.o(.text) for USART1_Config
    main.o(.text) refers to main.o(.bss) for .bss
    main.o(.text) refers to main.o(.data) for .data
    stm32f0xx_it.o(.text) refers to stm32f0xx_usart.o(.text) for USART_GetITStatus
    system_stm32f0xx.o(.text) refers to uidiv.o(.text) for __aeabi_uidivmod
    system_stm32f0xx.o(.text) refers to system_stm32f0xx.o(.data) for .data
    startup_stm32f0xx.o(RESET) refers to startup_stm32f0xx.o(STACK) for __initial_sp
    startup_stm32f0xx.o(RESET) refers to startup_stm32f0xx.o(.text) for Reset_Handler
    startup_stm32f0xx.o(RESET) refers to stm32f0xx_it.o(.text) for NMI_Handler
    startup_stm32f0xx.o(RESET) refers to hal_key.o(.text) for TIM2_IRQHandler
    startup_stm32f0xx.o(RESET) refers to gizwits_product.o(.text) for TIM3_IRQHandler
    startup_stm32f0xx.o(.text) refers to system_stm32f0xx.o(.text) for SystemInit
    startup_stm32f0xx.o(.text) refers to entry.o(.ARM.Collect$$$$00000000) for __main
    stm32f0xx_gpio.o(.text) refers to stm32f0xx_rcc.o(.text) for RCC_AHBPeriphResetCmd
    stm32f0xx_rcc.o(.text) refers to uidiv.o(.text) for __aeabi_uidivmod
    stm32f0xx_rcc.o(.text) refers to stm32f0xx_rcc.o(.data) for .data
    stm32f0xx_adc.o(.text) refers to stm32f0xx_rcc.o(.text) for RCC_APB2PeriphResetCmd
    stm32f0xx_cec.o(.text) refers to stm32f0xx_rcc.o(.text) for RCC_APB1PeriphResetCmd
    stm32f0xx_dac.o(.text) refers to stm32f0xx_rcc.o(.text) for RCC_APB1PeriphResetCmd
    stm32f0xx_i2c.o(.text) refers to stm32f0xx_rcc.o(.text) for RCC_APB1PeriphResetCmd
    stm32f0xx_pwr.o(.text) refers to stm32f0xx_rcc.o(.text) for RCC_APB1PeriphResetCmd
    stm32f0xx_spi.o(.text) refers to stm32f0xx_rcc.o(.text) for RCC_APB2PeriphResetCmd
    stm32f0xx_spi.o(.text) refers to uidiv.o(.text) for __aeabi_uidivmod
    stm32f0xx_tim.o(.text) refers to stm32f0xx_rcc.o(.text) for RCC_APB1PeriphResetCmd
    stm32f0xx_usart.o(.text) refers to stm32f0xx_rcc.o(.text) for RCC_APB2PeriphResetCmd
    stm32f0xx_usart.o(.text) refers to uidiv.o(.text) for __aeabi_uidivmod
    stm32f0xx_wwdg.o(.text) refers to stm32f0xx_rcc.o(.text) for RCC_APB1PeriphResetCmd
    delay.o(.text) refers to stm32f0xx_misc.o(.text) for SysTick_CLKSourceConfig
    delay.o(.text) refers to uidiv.o(.text) for __aeabi_uidivmod
    delay.o(.text) refers to system_stm32f0xx.o(.data) for SystemCoreClock
    delay.o(.text) refers to delay.o(.data) for .data
    time.o(.text) refers to stm32f0xx_rcc.o(.text) for RCC_APB1PeriphClockCmd
    time.o(.text) refers to stm32f0xx_misc.o(.text) for NVIC_Init
    time.o(.text) refers to stm32f0xx_tim.o(.text) for TIM_DeInit
    time.o(.text) refers to uidiv.o(.text) for __aeabi_uidivmod
    time.o(.text) refers to system_stm32f0xx.o(.data) for SystemCoreClock
    bsp_usart.o(.text) refers to stm32f0xx_misc.o(.text) for NVIC_Init
    bsp_usart.o(.text) refers to stm32f0xx_rcc.o(.text) for RCC_AHBPeriphClockCmd
    bsp_usart.o(.text) refers to stm32f0xx_gpio.o(.text) for GPIO_PinAFConfig
    bsp_usart.o(.text) refers to stm32f0xx_usart.o(.text) for USART_Init
    hal_key.o(.text) refers to uread4.o(.text) for __aeabi_uread4
    hal_key.o(.text) refers to stm32f0xx_gpio.o(.text) for GPIO_ReadInputDataBit
    hal_key.o(.text) refers to stm32f0xx_tim.o(.text) for TIM_GetITStatus
    hal_key.o(.text) refers to stm32f0xx_rcc.o(.text) for RCC_APB1PeriphClockCmd
    hal_key.o(.text) refers to stm32f0xx_misc.o(.text) for NVIC_Init
    hal_key.o(.text) refers to uwrite4.o(.text) for __aeabi_uwrite4
    hal_key.o(.text) refers to memcpya.o(.text) for __aeabi_memcpy
    hal_key.o(.text) refers to main.o(.data) for keys
    hal_key.o(.text) refers to hal_key.o(.data) for .data
    hal_motor.o(.text) refers to stm32f0xx_rcc.o(.text) for RCC_AHBPeriphClockCmd
    hal_motor.o(.text) refers to stm32f0xx_gpio.o(.text) for GPIO_Init
    hal_motor.o(.text) refers to stm32f0xx_tim.o(.text) for TIM_TimeBaseInit
    bsp_dht11.o(.text) refers to stm32f0xx_rcc.o(.text) for RCC_AHBPeriphClockCmd
    bsp_dht11.o(.text) refers to stm32f0xx_gpio.o(.text) for GPIO_Init
[...]
    printfb.o(i.__0vfprintf$bare) refers to printfb.o(i._printf_core) for _printf_core
    printfb.o(i.__0vfprintf$bare) refers to bsp_usart.o(.text) for fputc
    printfb.o(i.__0vprintf$bare) refers to printfb.o(i._printf_core) for _printf_core
    printfb.o(i.__0vprintf$bare) refers to bsp_usart.o(.text) for fputc
    printfb.o(i.__0vprintf$bare) refers to stdout.o(.data) for __stdout
    printfb.o(i.__0vsnprintf$bare) refers to printfb.o(i._printf_core) for _printf_core
    printfb.o(i.__0vsnprintf$bare) refers to printfb.o(i._snputc) for _snputc
    printfb.o(i.__0vsprintf$bare) refers to printfb.o(i._printf_core) for _printf_core
    printfb.o(i.__0vsprintf$bare) refers to printfb.o(i._sputc) for _sputc
    printf0.o(i.__0fprintf$0) refers to printf0.o(i._printf_core) for _printf_core
    printf0.o(i.__0fprintf$0) refers to bsp_usart.o(.text) for fputc
    printf0.o(i.__0printf$0) refers to printf0.o(i._printf_core) for _printf_core
    printf0.o(i.__0printf$0) refers to bsp_usart.o(.text) for fputc
    printf0.o(i.__0printf$0) refers to stdout.o(.data) for __stdout
    printf0.o(i.__0snprintf$0) refers to printf0.o(i._printf_core) for _printf_core
    printf0.o(i.__0snprintf$0) refers to printf0.o(i._snputc) for _snputc
    printf0.o(i.__0sprintf$0) refers to printf0.o(i._printf_core) for _printf_core
    printf0.o(i.__0sprintf$0) refers to printf0.o(i._sputc) for _sputc
    printf0.o(i.__0vfprintf$0) refers to printf0.o(i._printf_core) for _printf_core
    printf0.o(i.__0vfprintf$0) refers to bsp_usart.o(.text) for fputc
    printf0.o(i.__0vprintf$0) refers to printf0.o(i._printf_core) for _printf_core
    printf0.o(i.__0vprintf$0) refers to bsp_usart.o(.text) for fputc
    printf0.o(i.__0vprintf$0) refers to stdout.o(.data) for __stdout
    printf0.o(i.__0vsnprintf$0) refers to printf0.o(i._printf_core) for _printf_core
    printf0.o(i.__0vsnprintf$0) refers to printf0.o(i._snputc) for _snputc
    printf0.o(i.__0vsprintf$0) refers to printf0.o(i._printf_core) for _printf_core
    printf0.o(i.__0vsprintf$0) refers to printf0.o(i._sputc) for _sputc
    printf1.o(i.__0fprintf$1) refers to printf1.o(i._printf_core) for _printf_core
    printf1.o(i.__0fprintf$1) refers to bsp_usart.o(.text) for fputc
    printf1.o(i.__0printf$1) refers to printf1.o(i._printf_core) for _printf_core
    printf1.o(i.__0printf$1) refers to bsp_usart.o(.text) for fputc
    printf1.o(i.__0printf$1) refers to stdout.o(.data) for __stdout
    printf1.o(i.__0snprintf$1) refers to printf1.o(i._printf_core) for _printf_core
    printf1.o(i.__0snprintf$1) refers to printf1.o(i._snputc) for _snputc
    printf1.o(i.__0sprintf$1) refers to printf1.o(i._printf_core) for _printf_core
    printf1.o(i.__0sprintf$1) refers to printf1.o(i._sputc) for _sputc
    printf1.o(i.__0vfprintf$1) refers to printf1.o(i._printf_core) for _printf_core
    printf1.o(i.__0vfprintf$1) refers to bsp_usart.o(.text) for fputc
    printf1.o(i.__0vprintf$1) refers to printf1.o(i._printf_core) for _printf_core
    printf1.o(i.__0vprintf$1) refers to bsp_usart.o(.text) for fputc
    printf1.o(i.__0vprintf$1) refers to stdout.o(.data) for __stdout
    printf1.o(i.__0vsnprintf$1) refers to printf1.o(i._printf_core) for _printf_core
    printf1.o(i.__0vsnprintf$1) refers to printf1.o(i._snputc) for _snputc
    printf1.o(i.__0vsprintf$1) refers to printf1.o(i._printf_core) for _printf_core
    printf1.o(i.__0vsprintf$1) refers to printf1.o(i._sputc) for _sputc
    printf1.o(i._printf_core) refers to uidiv.o(.text) for __aeabi_uidivmod
    printf2.o(i.__0fprintf$2) refers to printf2.o(i._printf_core) for _printf_core
    printf2.o(i.__0fprintf$2) refers to bsp_usart.o(.text) for fputc
    printf2.o(i.__0printf$2) refers to printf2.o(i._printf_core) for _printf_core
    printf2.o(i.__0printf$2) refers to bsp_usart.o(.text) for fputc
    printf2.o(i.__0printf$2) refers to stdout.o(.data) for __stdout
    printf2.o(i.__0snprintf$2) refers to printf2.o(i._printf_core) for _printf_core
    printf2.o(i.__0snprintf$2) refers to printf2.o(i._snputc) for _snputc
    printf2.o(i.__0sprintf$2) refers to printf2.o(i._printf_core) for _printf_core
    printf2.o(i.__0sprintf$2) refers to printf2.o(i._sputc) for _sputc
    printf2.o(i.__0vfprintf$2) refers to printf2.o(i._printf_core) for _printf_core
    printf2.o(i.__0vfprintf$2) refers to bsp_usart.o(.text) for fputc
    printf2.o(i.__0vprintf$2) refers to printf2.o(i._printf_core) for _printf_core
    printf2.o(i.__0vprintf$2) refers to bsp_usart.o(.text) for fputc
    printf2.o(i.__0vprintf$2) refers to stdout.o(.data) for __stdout
    printf2.o(i.__0vsnprintf$2) refers to printf2.o(i._printf_core) for _printf_core
    printf2.o(i.__0vsnprintf$2) refers to printf2.o(i._snputc) for _snputc
    printf2.o(i.__0vsprintf$2) refers to printf2.o(i._printf_core) for _printf_core
    printf2.o(i.__0vsprintf$2) refers to printf2.o(i._sputc) for _sputc
    printf3.o(i.__0fprintf$3) refers to printf3.o(i._printf_core) for _printf_core
    printf3.o(i.__0fprintf$3) refers to bsp_usart.o(.text) for fputc
    printf3.o(i.__0printf$3) refers to printf3.o(i._printf_core) for _printf_core
    printf3.o(i.__0printf$3) refers to bsp_usart.o(.text) for fputc
    printf3.o(i.__0printf$3) refers to stdout.o(.data) for __stdout
    printf3.o(i.__0snprintf$3) refers to printf3.o(i._printf_core) for _printf_core
    printf3.o(i.__0snprintf$3) refers to printf3.o(i._snputc) for _snputc
    printf3.o(i.__0sprintf$3) refers to printf3.o(i._printf_core) for _printf_core
    printf3.o(i.__0sprintf$3) refers to printf3.o(i._sputc) for _sputc
    printf3.o(i.__0vfprintf$3) refers to printf3.o(i._printf_core) for _printf_core
    printf3.o(i.__0vfprintf$3) refers to bsp_usart.o(.text) for fputc
    printf3.o(i.__0vprintf$3) refers to printf3.o(i._printf_core) for _printf_core
    printf3.o(i.__0vprintf$3) refers to bsp_usart.o(.text) for fputc
    printf3.o(i.__0vprintf$3) refers to stdout.o(.data) for __stdout
    printf3.o(i.__0vsnprintf$3) refers to printf3.o(i._printf_core) for _printf_core
    printf3.o(i.__0vsnprintf$3) refers to printf3.o(i._snputc) for _snputc
    printf3.o(i.__0vsprintf$3) refers to printf3.o(i._printf_core) for _printf_core
    printf3.o(i.__0vsprintf$3) refers to printf3.o(i._sputc) for _sputc
    printf3.o(i._printf_core) refers to uidiv.o(.text) for __aeabi_uidivmod
    printf4.o(i.__0fprintf$4) refers to printf4.o(i._printf_core) for _printf_core
    printf4.o(i.__0fprintf$4) refers to bsp_usart.o(.text) for fputc
    printf4.o(i.__0printf$4) refers to printf4.o(i._printf_core) for _printf_core
    printf4.o(i.__0printf$4) refers to bsp_usart.o(.text) for fputc
    printf4.o(i.__0printf$4) refers to stdout.o(.data) for __stdout
    printf4.o(i.__0snprintf$4) refers to printf4.o(i._printf_core) for _printf_core
    printf4.o(i.__0snprintf$4) refers to printf4.o(i._snputc) for _snputc
    printf4.o(i.__0sprintf$4) refers to printf4.o(i._printf_core) for _printf_core
    printf4.o(i.__0sprintf$4) refers to printf4.o(i._sputc) for _sputc
    printf4.o(i.__0vfprintf$4) refers to printf4.o(i._printf_core) for _printf_core
    printf4.o(i.__0vfprintf$4) refers to bsp_usart.o(.text) for fputc
    printf4.o(i.__0vprintf$4) refers to printf4.o(i._printf_core) for _printf_core
    printf4.o(i.__0vprintf$4) refers to bsp_usart.o(.text) for fputc
    printf4.o(i.__0vprintf$4) refers to stdout.o(.data) for __stdout
    printf4.o(i.__0vsnprintf$4) refers to printf4.o(i._printf_core) for _printf_core
    printf4.o(i.__0vsnprintf$4) refers to printf4.o(i._snputc) for _snputc
    printf4.o(i.__0vsprintf$4) refers to printf4.o(i._printf_core) for _printf_core
    printf4.o(i.__0vsprintf$4) refers to printf4.o(i._sputc) for _sputc
    printf4.o(i._printf_core) refers to uldiv.o(.text) for __aeabi_uldivmod
    printf5.o(i.__0fprintf$5) refers to printf5.o(i._printf_core) for _printf_core
    printf5.o(i.__0fprintf$5) refers to bsp_usart.o(.text) for fputc
    printf5.o(i.__0printf$5) refers to printf5.o(i._printf_core) for _printf_core
    printf5.o(i.__0printf$5) refers to bsp_usart.o(.text) for fputc
    printf5.o(i.__0printf$5) refers to stdout.o(.data) for __stdout
    printf5.o(i.__0snprintf$5) refers to printf5.o(i._printf_core) for _printf_core
    printf5.o(i.__0snprintf$5) refers to printf5.o(i._snputc) for _snputc
    printf5.o(i.__0sprintf$5) refers to printf5.o(i._printf_core) for _printf_core
    printf5.o(i.__0sprintf$5) refers to printf5.o(i._sputc) for _sputc
    printf5.o(i.__0vfprintf$5) refers to printf5.o(i._printf_core) for _printf_core
    printf5.o(i.__0vfprintf$5) refers to bsp_usart.o(.text) for fputc
    printf5.o(i.__0vprintf$5) refers to printf5.o(i._printf_core) for _printf_core
    printf5.o(i.__0vprintf$5) refers to bsp_usart.o(.text) for fputc
    printf5.o(i.__0vprintf$5) refers to stdout.o(.data) for __stdout
    printf5.o(i.__0vsnprintf$5) refers to printf5.o(i._printf_core) for _printf_core
    printf5.o(i.__0vsnprintf$5) refers to printf5.o(i._snputc) for _snputc
    printf5.o(i.__0vsprintf$5) refers to printf5.o(i._printf_core) for _printf_core
    printf5.o(i.__0vsprintf$5) refers to printf5.o(i._sputc) for _sputc
    printf5.o(i._printf_core) refers to uldiv.o(.text) for __aeabi_uldivmod
    printf6.o(i.__0fprintf$6) refers to printf6.o(i._printf_core) for _printf_core
    printf6.o(i.__0fprintf$6) refers to bsp_usart.o(.text) for fputc
    printf6.o(i.__0printf$6) refers to printf6.o(i._printf_core) for _printf_core
    printf6.o(i.__0printf$6) refers to bsp_usart.o(.text) for fputc
    printf6.o(i.__0printf$6) refers to stdout.o(.data) for __stdout
    printf6.o(i.__0snprintf$6) refers to printf6.o(i._printf_core) for _printf_core
    printf6.o(i.__0snprintf$6) refers to printf6.o(i._snputc) for _snputc
    printf6.o(i.__0sprintf$6) refers to printf6.o(i._printf_core) for _printf_core
    printf6.o(i.__0sprintf$6) refers to printf6.o(i._sputc) for _sputc
    printf6.o(i.__0vfprintf$6) refers to printf6.o(i._printf_core) for _printf_core
    printf6.o(i.__0vfprintf$6) refers to bsp_usart.o(.text) for fputc
    printf6.o(i.__0vprintf$6) refers to printf6.o(i._printf_core) for _printf_core
    printf6.o(i.__0vprintf$6) refers to bsp_usart.o(.text) for fputc
    printf6.o(i.__0vprintf$6) refers to stdout.o(.data) for __stdout
    printf6.o(i.__0vsnprintf$6) refers to printf6.o(i._printf_core) for _printf_core
    printf6.o(i.__0vsnprintf$6) refers to printf6.o(i._snputc) for _snputc
    printf6.o(i.__0vsprintf$6) refers to printf6.o(i._printf_core) for _printf_core
    printf6.o(i.__0vsprintf$6) refers to printf6.o(i._sputc) for _sputc
    printf6.o(i._printf_core) refers to printf6.o(i._printf_pre_padding) for _printf_pre_padding
    printf6.o(i._printf_core) refers to printf6.o(i._printf_post_padding) for _printf_post_padding
    printf6.o(i._printf_core) refers to uidiv.o(.text) for __aeabi_uidivmod
    printf7.o(i.__0fprintf$7) refers to printf7.o(i._printf_core) for _printf_core
    printf7.o(i.__0fprintf$7) refers to bsp_usart.o(.text) for fputc
    printf7.o(i.__0printf$7) refers to printf7.o(i._printf_core) for _printf_core
    printf7.o(i.__0printf$7) refers to bsp_usart.o(.text) for fputc
    printf7.o(i.__0printf$7) refers to stdout.o(.data) for __stdout
    printf7.o(i.__0snprintf$7) refers to printf7.o(i._printf_core) for _printf_core
    printf7.o(i.__0snprintf$7) refers to printf7.o(i._snputc) for _snputc
    printf7.o(i.__0sprintf$7) refers to printf7.o(i._printf_core) for _printf_core
    printf7.o(i.__0sprintf$7) refers to printf7.o(i._sputc) for _sputc
    printf7.o(i.__0vfprintf$7) refers to printf7.o(i._printf_core) for _printf_core
    printf7.o(i.__0vfprintf$7) refers to bsp_usart.o(.text) for fputc
    printf7.o(i.__0vprintf$7) refers to printf7.o(i._printf_core) for _printf_core
    printf7.o(i.__0vprintf$7) refers to bsp_usart.o(.text) for fputc
    printf7.o(i.__0vprintf$7) refers to stdout.o(.data) for __stdout
    printf7.o(i.__0vsnprintf$7) refers to printf7.o(i._printf_core) for _printf_core
    printf7.o(i.__0vsnprintf$7) refers to printf7.o(i._snputc) for _snputc
    printf7.o(i.__0vsprintf$7) refers to printf7.o(i._printf_core) for _printf_core
    printf7.o(i.__0vsprintf$7) refers to printf7.o(i._sputc) for _sputc
    printf7.o(i._printf_core) refers to printf7.o(i._printf_pre_padding) for _printf_pre_padding
    printf7.o(i._printf_core) refers to printf7.o(i._printf_post_padding) for _printf_post_padding
    printf7.o(i._printf_core) refers to uldiv.o(.text) for __aeabi_uldivmod
    printf8.o(i.__0fprintf$8) refers to printf8.o(i._printf_core) for _printf_core
    printf8.o(i.__0fprintf$8) refers to bsp_usart.o(.text) for fputc
    printf8.o(i.__0printf$8) refers to printf8.o(i._printf_core) for _printf_core
    printf8.o(i.__0printf$8) refers to bsp_usart.o(.text) for fputc
    printf8.o(i.__0printf$8) refers to stdout.o(.data) for __stdout
    printf8.o(i.__0snprintf$8) refers to printf8.o(i._printf_core) for _printf_core
    printf8.o(i.__0snprintf$8) refers to printf8.o(i._snputc) for _snputc
    printf8.o(i.__0sprintf$8) refers to printf8.o(i._printf_core) for _printf_core
    printf8.o(i.__0sprintf$8) refers to printf8.o(i._sputc) for _sputc
    printf8.o(i.__0vfprintf$8) refers to printf8.o(i._printf_core) for _printf_core
    printf8.o(i.__0vfprintf$8) refers to bsp_usart.o(.text) for fputc
    printf8.o(i.__0vprintf$8) refers to printf8.o(i._printf_core) for _printf_core
    printf8.o(i.__0vprintf$8) refers to bsp_usart.o(.text) for fputc
    printf8.o(i.__0vprintf$8) refers to stdout.o(.data) for __stdout
    printf8.o(i.__0vsnprintf$8) refers to printf8.o(i._printf_core) for _printf_core
    printf8.o(i.__0vsnprintf$8) refers to printf8.o(i._snputc) for _snputc
    printf8.o(i.__0vsprintf$8) refers to printf8.o(i._printf_core) for _printf_core
    printf8.o(i.__0vsprintf$8) refers to printf8.o(i._sputc) for _sputc
    printf8.o(i._printf_core) refers to printf8.o(i._printf_pre_padding) for _printf_pre_padding
    printf8.o(i._printf_core) refers to printf8.o(i._printf_post_padding) for _printf_post_padding
    printf8.o(i._printf_core) refers to uldiv.o(.text) for __aeabi_uldivmod
    printfa.o(i.__0fprintf) refers (Special) to iusefp.o(.text) for __I$use$fp
    printfa.o(i.__0fprintf) refers to printfa.o(i._printf_core) for _printf_core
    printfa.o(i.__0fprintf) refers to bsp_usart.o(.text) for fputc
    printfa.o(i.__0printf) refers (Special) to iusefp.o(.text) for __I$use$fp
    printfa.o(i.__0printf) refers to printfa.o(i._printf_core) for _printf_core
    printfa.o(i.__0printf) refers to bsp_usart.o(.text) for fputc
    printfa.o(i.__0printf) refers to stdout.o(.data) for __stdout
    printfa.o(i.__0snprintf) refers (Special) to iusefp.o(.text) for __I$use$fp
    printfa.o(i.__0snprintf) refers to printfa.o(i._printf_core) for _printf_core
    printfa.o(i.__0snprintf) refers to printfa.o(i._snputc) for _snputc
    printfa.o(i.__0sprintf) refers (Special) to iusefp.o(.text) for __I$use$fp
    printfa.o(i.__0sprintf) refers to printfa.o(i._printf_core) for _printf_core
    printfa.o(i.__0sprintf) refers to printfa.o(i._sputc) for _sputc
    printfa.o(i.__0vfprintf) refers (Special) to iusefp.o(.text) for __I$use$fp
    printfa.o(i.__0vfprintf) refers to printfa.o(i._printf_core) for _printf_core
    printfa.o(i.__0vfprintf) refers to bsp_usart.o(.text) for fputc
    printfa.o(i.__0vprintf) refers (Special) to iusefp.o(.text) for __I$use$fp
    printfa.o(i.__0vprintf) refers to printfa.o(i._printf_core) for _printf_core
    printfa.o(i.__0vprintf) refers to bsp_usart.o(.text) for fputc
    printfa.o(i.__0vprintf) refers to stdout.o(.data) for __stdout
    printfa.o(i.__0vsnprintf) refers (Special) to iusefp.o(.text) for __I$use$fp
    printfa.o(i.__0vsnprintf) refers to printfa.o(i._printf_core) for _printf_core
    printfa.o(i.__0vsnprintf) refers to printfa.o(i._snputc) for _snputc
    printfa.o(i.__0vsprintf) refers (Special) to iusefp.o(.text) for __I$use$fp
    printfa.o(i.__0vsprintf) refers to printfa.o(i._printf_core) for _printf_core
    printfa.o(i.__0vsprintf) refers to printfa.o(i._sputc) for _sputc
    printfa.o(i._fp_digits) refers (Special) to iusefp.o(.text) for __I$use$fp
    printfa.o(i._fp_digits) refers to dmul.o(.text) for __aeabi_dmul
    printfa.o(i._fp_digits) refers to ddiv.o(.text) for __aeabi_ddiv
    printfa.o(i._fp_digits) refers to cdrcmple.o(.text) for __aeabi_cdrcmple
    printfa.o(i._fp_digits) refers to dadd.o(.text) for __aeabi_dadd
    printfa.o(i._fp_digits) refers to dfixul.o(.text) for __aeabi_d2ulz
    printfa.o(i._fp_digits) refers to uldiv.o(.text) for __aeabi_uldivmod
    printfa.o(i._printf_core) refers (Special) to iusefp.o(.text) for __I$use$fp
    printfa.o(i._printf_core) refers to printfa.o(i._printf_pre_padding) for _printf_pre_padding
    printfa.o(i._printf_core) refers to uldiv.o(.text) for __aeabi_uldivmod
    printfa.o(i._printf_core) refers to printfa.o(i._printf_post_padding) for _printf_post_padding
    printfa.o(i._printf_core) refers to printfa.o(i._fp_digits) for _fp_digits
    printfa.o(i._printf_core) refers to uidiv.o(.text) for __aeabi_uidivmod
    printfa.o(i._printf_post_padding) refers (Special) to iusefp.o(.text) for __I$use$fp
    printfa.o(i._printf_pre_padding) refers (Special) to iusefp.o(.text) for __I$use$fp
    printfa.o(i._snputc) refers (Special) to iusefp.o(.text) for __I$use$fp
    printfa.o(i._sputc) refers (Special) to iusefp.o(.text) for __I$use$fp
    entry2.o(.ARM.Collect$$$$00000001) refers to entry2.o(.ARM.Collect$$$$00002712) for __lit__00000000
    entry2.o(.ARM.Collect$$$$00002712) refers to startup_stm32f0xx.o(STACK) for __initial_sp
    entry2.o(__vectab_stack_and_reset_area) refers to startup_stm32f0xx.o(STACK) for __initial_sp
    entry2.o(__vectab_stack_and_reset_area) refers to entry.o(.ARM.Collect$$$$00000000) for __main
    entry5.o(.ARM.Collect$$$$00000004) refers to init.o(.text) for __scatterload
    entry9a.o(.ARM.Collect$$$$0000000B) refers to main.o(.text) for main
    entry9b.o(.ARM.Collect$$$$0000000C) refers to main.o(.text) for main
    uldiv.o(.text) refers to llushr.o(.text) for __aeabi_llsr
    uldiv.o(.text) refers to llshl.o(.text) for __aeabi_llsl
    dadd.o(.text) refers to llshl.o(.text) for __aeabi_llsl
    dadd.o(.text) refers to llsshr.o(.text) for __aeabi_lasr
    dadd.o(.text) refers to depilogue.o(.text) for _double_epilogue
    dmul.o(.text) refers to depilogue.o(.text) for _double_epilogue
    ddiv.o(.text) refers to depilogue.o(.text) for _double_round
    dfixul.o(.text) refers to llushr.o(.text) for __aeabi_llsr
    dfixul.o(.text) refers to llshl.o(.text) for __aeabi_llsl
    init.o(.text) refers to entry5.o(.ARM.Collect$$$$00000004) for __main_after_scatterload
    depilogue.o(.text) refers to depilogue.o(i.__ARM_clz) for __ARM_clz
    depilogue.o(.text) refers to llshl.o(.text) for __aeabi_llsl
    depilogue.o(.text) refers to llushr.o(.text) for __aeabi_llsr


==============================================================================

Removing Unused input sections from the image.

    Removing main.o(.emb_text), (8 bytes).
    Removing stm32f0xx_it.o(.emb_text), (8 bytes).
    Removing stm32f0xx_it.o(.data), (4 bytes).
    Removing system_stm32f0xx.o(.emb_text), (8 bytes).
    Removing startup_stm32f0xx.o(HEAP), (512 bytes).
    Removing stm32f0xx_gpio.o(.emb_text), (8 bytes).
    Removing stm32f0xx_rcc.o(.emb_text), (8 bytes).
    Removing stm32f0xx_misc.o(.emb_text), (8 bytes).
    Removing stm32f0xx_adc.o(.emb_text), (8 bytes).
    Removing stm32f0xx_adc.o(.text), (548 bytes).
    Removing stm32f0xx_cec.o(.emb_text), (8 bytes).
    Removing stm32f0xx_cec.o(.text), (272 bytes).
    Removing stm32f0xx_comp.o(.emb_text), (8 bytes).
    Removing stm32f0xx_comp.o(.text), (172 bytes).
    Removing stm32f0xx_crc.o(.emb_text), (8 bytes).
    Removing stm32f0xx_crc.o(.text), (124 bytes).
    Removing stm32f0xx_dac.o(.emb_text), (8 bytes).
    Removing stm32f0xx_dac.o(.text), (244 bytes).
    Removing stm32f0xx_dbgmcu.o(.emb_text), (8 bytes).
    Removing stm32f0xx_dbgmcu.o(.text), (76 bytes).
    Removing stm32f0xx_dma.o(.emb_text), (8 bytes).
    Removing stm32f0xx_dma.o(.text), (292 bytes).
    Removing stm32f0xx_exti.o(.emb_text), (8 bytes).
    Removing stm32f0xx_exti.o(.text), (212 bytes).
    Removing stm32f0xx_flash.o(.emb_text), (8 bytes).
    Removing stm32f0xx_flash.o(.text), (1100 bytes).
    Removing stm32f0xx_i2c.o(.emb_text), (8 bytes).
    Removing stm32f0xx_i2c.o(.text), (832 bytes).
    Removing stm32f0xx_iwdg.o(.emb_text), (8 bytes).
    Removing stm32f0xx_iwdg.o(.text), (68 bytes).
    Removing stm32f0xx_pwr.o(.emb_text), (8 bytes).
    Removing stm32f0xx_pwr.o(.text), (224 bytes).
    Removing stm32f0xx_rtc.o(.emb_text), (8 bytes).
    Removing stm32f0xx_rtc.o(.text), (2132 bytes).
    Removing stm32f0xx_spi.o(.emb_text), (8 bytes).
    Removing stm32f0xx_spi.o(.text), (756 bytes).
    Removing stm32f0xx_syscfg.o(.emb_text), (8 bytes).
    Removing stm32f0xx_syscfg.o(.text), (152 bytes).
    Removing stm32f0xx_tim.o(.emb_text), (8 bytes).
    Removing stm32f0xx_usart.o(.emb_text), (8 bytes).
    Removing stm32f0xx_wwdg.o(.emb_text), (8 bytes).
    Removing stm32f0xx_wwdg.o(.text), (120 bytes).
    Removing gpio_driver.o(.emb_text), (8 bytes).
    Removing gpio_driver.o(.text), (2 bytes).
    Removing delay.o(.emb_text), (8 bytes).
    Removing time.o(.emb_text), (8 bytes).
    Removing time.o(.text), (188 bytes).
    Removing bsp_usart.o(.emb_text), (8 bytes).
    Removing hal_key.o(.emb_text), (8 bytes).
    Removing hal_motor.o(.emb_text), (8 bytes).
    Removing bsp_dht11.o(.emb_text), (8 bytes).
    Removing hal_led.o(.emb_text), (8 bytes).
    Removing hal_led.o(.text), (204 bytes).
    Removing hal_rgb_led.o(.emb_text), (8 bytes).
    Removing gizwits_product.o(.emb_text), (8 bytes).
    Removing gizwits_protocol.o(.emb_text), (8 bytes).
    Removing dadd.o(.text), (356 bytes).
    Removing dmul.o(.text), (208 bytes).
    Removing ddiv.o(.text), (240 bytes).
    Removing dfixul.o(.text), (64 bytes).
    Removing cdrcmple.o(.text), (40 bytes).
    Removing depilogue.o(.text), (190 bytes).
    Removing depilogue.o(i.__ARM_clz), (46 bytes).

63 unused section(s) (total 9658 bytes) removed from the image.

==============================================================================

Image Symbol Table

    Local Symbols

    Symbol Name                              Value     Ov Type        Size  Object(Section)

    ../clib/microlib/division.c              0x00000000   Number         0  uldiv.o ABSOLUTE
    ../clib/microlib/division.c              0x00000000   Number         0  uidiv.o ABSOLUTE
    ../clib/microlib/init/entry.s            0x00000000   Number         0  entry.o ABSOLUTE
    ../clib/microlib/init/entry.s            0x00000000   Number         0  entry9b.o ABSOLUTE
    ../clib/microlib/init/entry.s            0x00000000   Number         0  entry10b.o ABSOLUTE
    ../clib/microlib/init/entry.s            0x00000000   Number         0  entry10a.o ABSOLUTE
    ../clib/microlib/init/entry.s            0x00000000   Number         0  entry9a.o ABSOLUTE
    ../clib/microlib/init/entry.s            0x00000000   Number         0  entry8b.o ABSOLUTE
    ../clib/microlib/init/entry.s            0x00000000   Number         0  entry8a.o ABSOLUTE
    ../clib/microlib/init/entry.s            0x00000000   Number         0  entry7b.o ABSOLUTE
    ../clib/microlib/init/entry.s            0x00000000   Number         0  entry11b.o ABSOLUTE
    ../clib/microlib/init/entry.s            0x00000000   Number         0  entry11a.o ABSOLUTE
    ../clib/microlib/init/entry.s            0x00000000   Number         0  entry7a.o ABSOLUTE
    ../clib/microlib/init/entry.s            0x00000000   Number         0  entry5.o ABSOLUTE
    ../clib/microlib/init/entry.s            0x00000000   Number         0  entry2.o ABSOLUTE
    ../clib/microlib/longlong.c              0x00000000   Number         0  llushr.o ABSOLUTE
    ../clib/microlib/longlong.c              0x00000000   Number         0  llsshr.o ABSOLUTE
    ../clib/microlib/longlong.c              0x00000000   Number         0  llshl.o ABSOLUTE
    ../clib/microlib/printf/printf.c         0x00000000   Number         0  printf5.o ABSOLUTE
    ../clib/microlib/printf/printf.c         0x00000000   Number         0  printf2.o ABSOLUTE
    ../clib/microlib/printf/printf.c         0x00000000   Number         0  printf6.o ABSOLUTE
    ../clib/microlib/printf/printf.c         0x00000000   Number         0  printf7.o ABSOLUTE
    ../clib/microlib/printf/printf.c         0x00000000   Number         0  printf4.o ABSOLUTE
    ../clib/microlib/printf/printf.c         0x00000000   Number         0  printfa.o ABSOLUTE
    ../clib/microlib/printf/printf.c         0x00000000   Number         0  printf3.o ABSOLUTE
    ../clib/microlib/printf/printf.c         0x00000000   Number         0  printf8.o ABSOLUTE
    ../clib/microlib/printf/printf.c         0x00000000   Number         0  printf1.o ABSOLUTE
    ../clib/microlib/printf/printf.c         0x00000000   Number         0  printf0.o ABSOLUTE
    ../clib/microlib/printf/printf.c         0x00000000   Number         0  printfb.o ABSOLUTE
    ../clib/microlib/printf/stubs.s          0x00000000   Number         0  stubs.o ABSOLUTE
    ../clib/microlib/stdio/streams.c         0x00000000   Number         0  stdout.o ABSOLUTE
    ../clib/microlib/string/memcpy.c         0x00000000   Number         0  memcpya.o ABSOLUTE
    ../clib/microlib/string/memcpy.c         0x00000000   Number         0  memcpyb.o ABSOLUTE
    ../clib/microlib/string/memset.c         0x00000000   Number         0  memseta.o ABSOLUTE
    ../clib/microlib/stubs.s                 0x00000000   Number         0  iusefp.o ABSOLUTE
    ../clib/microlib/unhosted.c              0x00000000   Number         0  uread4.o ABSOLUTE
    ../clib/microlib/unhosted.c              0x00000000   Number         0  uwrite4.o ABSOLUTE
    ../fplib/microlib/fpadd.c                0x00000000   Number         0  dadd.o ABSOLUTE
    ../fplib/microlib/fpdiv.c                0x00000000   Number         0  ddiv.o ABSOLUTE
    ../fplib/microlib/fpepilogue.c           0x00000000   Number         0  depilogue.o ABSOLUTE
    ../fplib/microlib/fpfix.c                0x00000000   Number         0  dfixul.o ABSOLUTE
    ../fplib/microlib/fpmul.c                0x00000000   Number         0  dmul.o ABSOLUTE
    ..\CORE\startup_stm32f0xx.s              0x00000000   Number         0  startup_stm32f0xx.o ABSOLUTE
    ..\Gizwits\gizwits_product.c             0x00000000   Number         0  gizwits_product.o ABSOLUTE
    ..\Gizwits\gizwits_protocol.c            0x00000000   Number         0  gizwits_protocol.o ABSOLUTE
    ..\STM32F0_FWLib\src\stm32f0xx_adc.c     0x00000000   Number         0  stm32f0xx_adc.o ABSOLUTE
    ..\STM32F0_FWLib\src\stm32f0xx_cec.c     0x00000000   Number         0  stm32f0xx_cec.o ABSOLUTE
    ..\STM32F0_FWLib\src\stm32f0xx_comp.c    0x00000000   Number         0  stm32f0xx_comp.o ABSOLUTE
    ..\STM32F0_FWLib\src\stm32f0xx_crc.c     0x00000000   Number         0  stm32f0xx_crc.o ABSOLUTE
    ..\STM32F0_FWLib\src\stm32f0xx_dac.c     0x00000000   Number         0  stm32f0xx_dac.o ABSOLUTE
    ..\STM32F0_FWLib\src\stm32f0xx_dbgmcu.c  0x00000000   Number         0  stm32f0xx_dbgmcu.o ABSOLUTE
    ..\STM32F0_FWLib\src\stm32f0xx_dma.c     0x00000000   Number         0  stm32f0xx_dma.o ABSOLUTE
    ..\STM32F0_FWLib\src\stm32f0xx_exti.c    0x00000000   Number         0  stm32f0xx_exti.o ABSOLUTE
    ..\STM32F0_FWLib\src\stm32f0xx_flash.c   0x00000000   Number         0  stm32f0xx_flash.o ABSOLUTE
    ..\STM32F0_FWLib\src\stm32f0xx_gpio.c    0x00000000   Number         0  stm32f0xx_gpio.o ABSOLUTE
    ..\STM32F0_FWLib\src\stm32f0xx_i2c.c     0x00000000   Number         0  stm32f0xx_i2c.o ABSOLUTE
    ..\STM32F0_FWLib\src\stm32f0xx_iwdg.c    0x00000000   Number         0  stm32f0xx_iwdg.o ABSOLUTE
    ..\STM32F0_FWLib\src\stm32f0xx_misc.c    0x00000000   Number         0  stm32f0xx_misc.o ABSOLUTE
    ..\STM32F0_FWLib\src\stm32f0xx_pwr.c     0x00000000   Number         0  stm32f0xx_pwr.o ABSOLUTE
    ..\STM32F0_FWLib\src\stm32f0xx_rcc.c     0x00000000   Number         0  stm32f0xx_rcc.o ABSOLUTE
    ..\STM32F0_FWLib\src\stm32f0xx_rtc.c     0x00000000   Number         0  stm32f0xx_rtc.o ABSOLUTE
    ..\STM32F0_FWLib\src\stm32f0xx_spi.c     0x00000000   Number         0  stm32f0xx_spi.o ABSOLUTE
    ..\STM32F0_FWLib\src\stm32f0xx_syscfg.c  0x00000000   Number         0  stm32f0xx_syscfg.o ABSOLUTE
    ..\STM32F0_FWLib\src\stm32f0xx_tim.c     0x00000000   Number         0  stm32f0xx_tim.o ABSOLUTE
    ..\STM32F0_FWLib\src\stm32f0xx_usart.c   0x00000000   Number         0  stm32f0xx_usart.o ABSOLUTE
    ..\STM32F0_FWLib\src\stm32f0xx_wwdg.c    0x00000000   Number         0  stm32f0xx_wwdg.o ABSOLUTE
    ..\\Gizwits\\gizwits_product.c           0x00000000   Number         0  gizwits_product.o ABSOLUTE
    ..\\Gizwits\\gizwits_protocol.c          0x00000000   Number         0  gizwits_protocol.o ABSOLUTE
    ..\\STM32F0_FWLib\\src\\stm32f0xx_adc.c  0x00000000   Number         0  stm32f0xx_adc.o ABSOLUTE
    ..\\STM32F0_FWLib\\src\\stm32f0xx_cec.c  0x00000000   Number         0  stm32f0xx_cec.o ABSOLUTE
    ..\\STM32F0_FWLib\\src\\stm32f0xx_comp.c 0x00000000   Number         0  stm32f0xx_comp.o ABSOLUTE
    ..\\STM32F0_FWLib\\src\\stm32f0xx_crc.c  0x00000000   Number         0  stm32f0xx_crc.o ABSOLUTE
    ..\\STM32F0_FWLib\\src\\stm32f0xx_dac.c  0x00000000   Number         0  stm32f0xx_dac.o ABSOLUTE
    ..\\STM32F0_FWLib\\src\\stm32f0xx_dbgmcu.c 0x00000000   Number         0  stm32f0xx_dbgmcu.o ABSOLUTE
    ..\\STM32F0_FWLib\\src\\stm32f0xx_dma.c  0x00000000   Number         0  stm32f0xx_dma.o ABSOLUTE
    ..\\STM32F0_FWLib\\src\\stm32f0xx_exti.c 0x00000000   Number         0  stm32f0xx_exti.o ABSOLUTE
    ..\\STM32F0_FWLib\\src\\stm32f0xx_flash.c 0x00000000   Number         0  stm32f0xx_flash.o ABSOLUTE
    ..\\STM32F0_FWLib\\src\\stm32f0xx_gpio.c 0x00000000   Number         0  stm32f0xx_gpio.o ABSOLUTE
    ..\\STM32F0_FWLib\\src\\stm32f0xx_i2c.c  0x00000000   Number         0  stm32f0xx_i2c.o ABSOLUTE
    ..\\STM32F0_FWLib\\src\\stm32f0xx_iwdg.c 0x00000000   Number         0  stm32f0xx_iwdg.o ABSOLUTE
    ..\\STM32F0_FWLib\\src\\stm32f0xx_misc.c 0x00000000   Number         0  stm32f0xx_misc.o ABSOLUTE
    ..\\STM32F0_FWLib\\src\\stm32f0xx_pwr.c  0x00000000   Number         0  stm32f0xx_pwr.o ABSOLUTE
    ..\\STM32F0_FWLib\\src\\stm32f0xx_rcc.c  0x00000000   Number         0  stm32f0xx_rcc.o ABSOLUTE
    ..\\STM32F0_FWLib\\src\\stm32f0xx_rtc.c  0x00000000   Number         0  stm32f0xx_rtc.o ABSOLUTE
    ..\\STM32F0_FWLib\\src\\stm32f0xx_spi.c  0x00000000   Number         0  stm32f0xx_spi.o ABSOLUTE
    ..\\STM32F0_FWLib\\src\\stm32f0xx_syscfg.c 0x00000000   Number         0  stm32f0xx_syscfg.o ABSOLUTE
    ..\\STM32F0_FWLib\\src\\stm32f0xx_tim.c  0x00000000   Number         0  stm32f0xx_tim.o ABSOLUTE
    ..\\STM32F0_FWLib\\src\\stm32f0xx_usart.c 0x00000000   Number         0  stm32f0xx_usart.o ABSOLUTE
    ..\\STM32F0_FWLib\\src\\stm32f0xx_wwdg.c 0x00000000   Number         0  stm32f0xx_wwdg.o ABSOLUTE
    ..\\driver\\Hal_led.c                    0x00000000   Number         0  hal_led.o ABSOLUTE
    ..\\driver\\bsp_dht11.c                  0x00000000   Number         0  bsp_dht11.o ABSOLUTE
    ..\\driver\\bsp_usart.c                  0x00000000   Number         0  bsp_usart.o ABSOLUTE
    ..\\driver\\delay.c                      0x00000000   Number         0  delay.o ABSOLUTE
    ..\\driver\\gpio_driver.c                0x00000000   Number         0  gpio_driver.o ABSOLUTE
    ..\\driver\\hal_key.c                    0x00000000   Number         0  hal_key.o ABSOLUTE
    ..\\driver\\hal_motor.c                  0x00000000   Number         0  hal_motor.o ABSOLUTE
    ..\\driver\\hal_rgb_led.c                0x00000000   Number         0  hal_rgb_led.o ABSOLUTE
    ..\\driver\\time.c                       0x00000000   Number         0  time.o ABSOLUTE
    ..\driver\Hal_led.c                      0x00000000   Number         0  hal_led.o ABSOLUTE
    ..\driver\bsp_dht11.c                    0x00000000   Number         0  bsp_dht11.o ABSOLUTE
    ..\driver\bsp_usart.c                    0x00000000   Number         0  bsp_usart.o ABSOLUTE
    ..\driver\delay.c                        0x00000000   Number         0  delay.o ABSOLUTE
    ..\driver\gpio_driver.c                  0x00000000   Number         0  gpio_driver.o ABSOLUTE
    ..\driver\hal_key.c                      0x00000000   Number         0  hal_key.o ABSOLUTE
    ..\driver\hal_motor.c                    0x00000000   Number         0  hal_motor.o ABSOLUTE
    ..\driver\hal_rgb_led.c                  0x00000000   Number         0  hal_rgb_led.o ABSOLUTE
    ..\driver\time.c                         0x00000000   Number         0  time.o ABSOLUTE
    cdrcmple.s                               0x00000000   Number         0  cdrcmple.o ABSOLUTE
    dc.s                                     0x00000000   Number         0  dc.o ABSOLUTE
    handlers.s                               0x00000000   Number         0  handlers.o ABSOLUTE
    init.s                                   0x00000000   Number         0  init.o ABSOLUTE
    main.c                                   0x00000000   Number         0  main.o ABSOLUTE
    main.c                                   0x00000000   Number         0  main.o ABSOLUTE
    stm32f0xx_it.c                           0x00000000   Number         0  stm32f0xx_it.o ABSOLUTE
    stm32f0xx_it.c                           0x00000000   Number         0  stm32f0xx_it.o ABSOLUTE
    system_stm32f0xx.c                       0x00000000   Number         0  system_stm32f0xx.o ABSOLUTE
    system_stm32f0xx.c                       0x00000000   Number         0  system_stm32f0xx.o ABSOLUTE
    RESET                                    0x08000000   Section      192  startup_stm32f0xx.o(RESET)
    .ARM.Collect$$$$00000000                 0x080000c0   Section        0  entry.o(.ARM.Collect$$$$00000000)
    .ARM.Collect$$$$00000001                 0x080000c0   Section        4  entry2.o(.ARM.Collect$$$$00000001)
    .ARM.Collect$$$$00000004                 0x080000c4   Section        4  entry5.o(.ARM.Collect$$$$00000004)
    .ARM.Collect$$$$00000008                 0x080000c8   Section        0  entry7b.o(.ARM.Collect$$$$00000008)
    .ARM.Collect$$$$0000000A                 0x080000c8   Section        0  entry8b.o(.ARM.Collect$$$$0000000A)
    .ARM.Collect$$$$0000000B                 0x080000c8   Section        8  entry9a.o(.ARM.Collect$$$$0000000B)
    .ARM.Collect$$$$0000000D                 0x080000d0   Section        0  entry10a.o(.ARM.Collect$$$$0000000D)
    .ARM.Collect$$$$0000000F                 0x080000d0   Section        0  entry11a.o(.ARM.Collect$$$$0000000F)
    .ARM.Collect$$$$00002712                 0x080000d0   Section        4  entry2.o(.ARM.Collect$$$$00002712)
    __lit__00000000                          0x080000d0   Data           4  entry2.o(.ARM.Collect$$$$00002712)
    .text                                    0x080000d4   Section        0  main.o(.text)
    .text                                    0x08000380   Section        0  stm32f0xx_it.o(.text)
    .text                                    0x080003b0   Section        0  system_stm32f0xx.o(.text)
    SetSysClock                              0x0800045f   Thumb Code    86  system_stm32f0xx.o(.text)
    .text                                    0x080004d0   Section       28  startup_stm32f0xx.o(.text)
    .text                                    0x080004ec   Section        0  stm32f0xx_gpio.o(.text)
    .text                                    0x08000648   Section        0  stm32f0xx_rcc.o(.text)
    .text                                    0x08000a54   Section        0  stm32f0xx_misc.o(.text)
    .text                                    0x08000ad0   Section        0  stm32f0xx_tim.o(.text)
    TI2_Config                               0x080010b5   Thumb Code    42  stm32f0xx_tim.o(.text)
    TI1_Config                               0x080010ef   Thumb Code    40  stm32f0xx_tim.o(.text)
    .text                                    0x080013ec   Section        0  stm32f0xx_usart.o(.text)
    .text                                    0x08001850   Section        0  delay.o(.text)
    .text                                    0x080018e0   Section        0  bsp_usart.o(.text)
    Usart_SendByte                           0x08001a45   Thumb Code    22  bsp_usart.o(.text)
    .text                                    0x08001a68   Section        0  hal_key.o(.text)
    .text                                    0x08001d18   Section        0  hal_motor.o(.text)
    .text                                    0x08001e38   Section        0  bsp_dht11.o(.text)
    DHT11_ReadByte                           0x08001e69   Thumb Code    88  bsp_dht11.o(.text)
    DHT11_Mode_Out_PP                        0x08001f63   Thumb Code    30  bsp_dht11.o(.text)
    .text                                    0x08001f84   Section        0  hal_rgb_led.o(.text)
    .text                                    0x080020d8   Section        0  gizwits_product.o(.text)
    .text                                    0x08002524   Section        0  gizwits_protocol.o(.text)
    rbCanRead                                0x08002525   Thumb Code    50  gizwits_protocol.o(.text)
    rbRead                                   0x08002557   Thumb Code   134  gizwits_protocol.o(.text)
    rbWrite                                  0x080025dd   Thumb Code   160  gizwits_protocol.o(.text)
    gizProtocolSum                           0x080026c3   Thumb Code    44  gizwits_protocol.o(.text)
    gizByteOrderExchange                     0x080026ef   Thumb Code    48  gizwits_protocol.o(.text)
    gizDecompressionValue                    0x0800271f   Thumb Code   136  gizwits_protocol.o(.text)
    gizCompressValue                         0x080027a7   Thumb Code    90  gizwits_protocol.o(.text)
    gizProtocolGetOnePacket                  0x08002801   Thumb Code   776  gizwits_protocol.o(.text)
    gizDataPoint2Event                       0x08002b09   Thumb Code   278  gizwits_protocol.o(.text)
    gizCheckReport                           0x08002c1f   Thumb Code   426  gizwits_protocol.o(.text)
    gizDataPoints2ReportData                 0x08002dc9   Thumb Code   328  gizwits_protocol.o(.text)
    gizProtocolWaitAck                       0x08002f11   Thumb Code    72  gizwits_protocol.o(.text)
    gizProtocolWaitAckCheck                  0x08002f59   Thumb Code    44  gizwits_protocol.o(.text)
    gizProtocolCommonAck                     0x08002f85   Thumb Code    82  gizwits_protocol.o(.text)
    gizProtocolGetDeviceInfo                 0x08002fd7   Thumb Code   768  gizwits_protocol.o(.text)
    gizProtocolErrorCmd                      0x080032d7   Thumb Code    84  gizwits_protocol.o(.text)
    gizProtocolModuleStatus                  0x0800332b   Thumb Code   518  gizwits_protocol.o(.text)
    gizProtocolIssuedDataAck                 0x08003531   Thumb Code   168  gizwits_protocol.o(.text)
    gizReportData                            0x080035d9   Thumb Code   834  gizwits_protocol.o(.text)
    gizProtocolIssuedProcess                 0x0800391b   Thumb Code   166  gizwits_protocol.o(.text)
    rbCapacity                               0x08003f03   Thumb Code    22  gizwits_protocol.o(.text)
    rbCanWrite                               0x08003f19   Thumb Code    34  gizwits_protocol.o(.text)
    gizProtocolExchangeBytes                 0x08003f3b   Thumb Code    18  gizwits_protocol.o(.text)
    gizY2X                                   0x08003f4d   Thumb Code    14  gizwits_protocol.o(.text)
    gizX2Y                                   0x08003f5b   Thumb Code     6  gizwits_protocol.o(.text)
    gizAcrossByteJudge                       0x08003f61   Thumb Code    32  gizwits_protocol.o(.text)
    gizProtocolHeadInit                      0x08003f81   Thumb Code    34  gizwits_protocol.o(.text)
    gizProtocolAckHandle                     0x08003fa3   Thumb Code    82  gizwits_protocol.o(.text)
    gizProtocolNTP                           0x08003ff5   Thumb Code    88  gizwits_protocol.o(.text)
    gizProtocolResendData                    0x0800404d   Thumb Code    70  gizwits_protocol.o(.text)
    .text                                    0x080041a4   Section        0  uidiv.o(.text)
    .text                                    0x080041d0   Section        0  memcpya.o(.text)
    .text                                    0x080041f4   Section        0  memseta.o(.text)
    .text                                    0x08004218   Section        0  uread4.o(.text)
    .text                                    0x0800422c   Section        0  uwrite4.o(.text)
    .text                                    0x0800423e   Section        0  uldiv.o(.text)
    .text                                    0x080042a0   Section       36  init.o(.text)
    .text                                    0x080042c4   Section        0  llshl.o(.text)
    .text                                    0x080042e4   Section        0  llushr.o(.text)
    i.__0printf$8                            0x08004308   Section        0  printf8.o(i.__0printf$8)
    i.__ARM_common_switch8                   0x08004328   Section        0  gizwits_product.o(i.__ARM_common_switch8)
    i.__scatterload_copy                     0x08004342   Section       14  handlers.o(i.__scatterload_copy)
    i.__scatterload_null                     0x08004350   Section        2  handlers.o(i.__scatterload_null)
    i.__scatterload_zeroinit                 0x08004352   Section       14  handlers.o(i.__scatterload_zeroinit)
    i._printf_core                           0x08004360   Section        0  printf8.o(i._printf_core)
    _printf_core                             0x08004361   Thumb Code  1020  printf8.o(i._printf_core)
    i._printf_post_padding                   0x08004788   Section        0  printf8.o(i._printf_post_padding)
    _printf_post_padding                     0x08004789   Thumb Code    32  printf8.o(i._printf_post_padding)
    i._printf_pre_padding                    0x080047a8   Section        0  printf8.o(i._printf_pre_padding)
    _printf_pre_padding                      0x080047a9   Thumb Code    44  printf8.o(i._printf_pre_padding)
    .conststring                             0x080047d4   Section       65  gizwits_protocol.o(.conststring)
    .data                                    0x20000000   Section       18  main.o(.data)
    thLastTimer                              0x20000004   Data           4  main.o(.data)
    .data                                    0x20000014   Section       20  system_stm32f0xx.o(.data)
    .data                                    0x20000028   Section       16  stm32f0xx_rcc.o(.data)
    APBAHBPrescTable                         0x20000028   Data          16  stm32f0xx_rcc.o(.data)
    .data                                    0x20000038   Section        4  delay.o(.data)
    fac_us                                   0x20000038   Data           1  delay.o(.data)
    fac_ms                                   0x2000003a   Data           2  delay.o(.data)
    .data                                    0x2000003c   Section       10  hal_key.o(.data)
    keyTotolNum                              0x2000003c   Data           1  hal_key.o(.data)
    keyCheck                                 0x2000003d   Data           1  hal_key.o(.data)
    keyState                                 0x2000003e   Data           1  hal_key.o(.data)
    key_total                                0x2000003f   Data           1  hal_key.o(.data)
    keyLongCheck                             0x20000042   Data           2  hal_key.o(.data)
    keyPrev                                  0x20000044   Data           2  hal_key.o(.data)
    .data                                    0x20000046   Section        1  gizwits_product.o(.data)
    .data                                    0x20000048   Section       12  gizwits_protocol.o(.data)
    protocolFlag                             0x20000048   Data           1  gizwits_protocol.o(.data)
    lastData                                 0x20000049   Data           1  gizwits_protocol.o(.data)
    debugCount                               0x2000004a   Data           1  gizwits_protocol.o(.data)
    protocolCount                            0x2000004c   Data           2  gizwits_protocol.o(.data)
    lastStatus                               0x2000004e   Data           2  gizwits_protocol.o(.data)
    lastReportTime                           0x20000050   Data           4  gizwits_protocol.o(.data)
    .data                                    0x20000054   Section        4  stdout.o(.data)
    .bss                                     0x20000058   Section      108  main.o(.bss)
    .bss                                     0x200000c4   Section     4952  gizwits_protocol.o(.bss)
    rbBuf                                    0x20000cb0   Data        1900  gizwits_protocol.o(.bss)
    STACK                                    0x20001420   Section     1024  startup_stm32f0xx.o(STACK)

    Global Symbols

    Symbol Name                              Value     Ov Type        Size  Object(Section)

    BuildAttributes$$THM_ISAv3M$S$PE$A:L22$X:L11$S22$IEEE1$IW$USESV6$~STKCKD$USESV7$~SHL$OSPACE$ROPI$EBA8$MICROLIB$REQ8$PRES8$EABIv2 0x00000000   Number         0  anon$$obj.o ABSOLUTE
    __ARM_use_no_argv                        0x00000000   Number         0  main.o ABSOLUTE
    _printf_a                                0x00000000   Number         0  stubs.o ABSOLUTE
    _printf_c                                0x00000000   Number         0  stubs.o ABSOLUTE
    _printf_charcount                        0x00000000   Number         0  stubs.o ABSOLUTE
    _printf_d                                0x00000000   Number         0  stubs.o ABSOLUTE
    _printf_e                                0x00000000   Number         0  stubs.o ABSOLUTE
    _printf_f                                0x00000000   Number         0  stubs.o ABSOLUTE
    _printf_flags                            0x00000000   Number         0  stubs.o ABSOLUTE
    _printf_fp_dec                           0x00000000   Number         0  stubs.o ABSOLUTE
    _printf_fp_hex                           0x00000000   Number         0  stubs.o ABSOLUTE
    _printf_g                                0x00000000   Number         0  stubs.o ABSOLUTE
    _printf_i                                0x00000000   Number         0  stubs.o ABSOLUTE
    _printf_int_dec                          0x00000000   Number         0  stubs.o ABSOLUTE
    _printf_l                                0x00000000   Number         0  stubs.o ABSOLUTE
    _printf_lc                               0x00000000   Number         0  stubs.o ABSOLUTE
    _printf_ll                               0x00000000   Number         0  stubs.o ABSOLUTE
    _printf_lld                              0x00000000   Number         0  stubs.o ABSOLUTE
    _printf_lli                              0x00000000   Number         0  stubs.o ABSOLUTE
    _printf_llo                              0x00000000   Number         0  stubs.o ABSOLUTE
    _printf_llu                              0x00000000   Number         0  stubs.o ABSOLUTE
    _printf_llx                              0x00000000   Number         0  stubs.o ABSOLUTE
    _printf_longlong_dec                     0x00000000   Number         0  stubs.o ABSOLUTE
    _printf_longlong_hex                     0x00000000   Number         0  stubs.o ABSOLUTE
    _printf_longlong_oct                     0x00000000   Number         0  stubs.o ABSOLUTE
    _printf_ls                               0x00000000   Number         0  stubs.o ABSOLUTE
    _printf_mbtowc                           0x00000000   Number         0  stubs.o ABSOLUTE
    _printf_n                                0x00000000   Number         0  stubs.o ABSOLUTE
    _printf_o                                0x00000000   Number         0  stubs.o ABSOLUTE
    _printf_p                                0x00000000   Number         0  stubs.o ABSOLUTE
    _printf_percent                          0x00000000   Number         0  stubs.o ABSOLUTE
    _printf_pre_padding                      0x00000000   Number         0  stubs.o ABSOLUTE
    _printf_return_value                     0x00000000   Number         0  stubs.o ABSOLUTE
    _printf_s                                0x00000000   Number         0  stubs.o ABSOLUTE
    _printf_sizespec                         0x00000000   Number         0  stubs.o ABSOLUTE
    _printf_str                              0x00000000   Number         0  stubs.o ABSOLUTE
    _printf_truncate_signed                  0x00000000   Number         0  stubs.o ABSOLUTE
    _printf_truncate_unsigned                0x00000000   Number         0  stubs.o ABSOLUTE
    _printf_u                                0x00000000   Number         0  stubs.o ABSOLUTE
    _printf_wc                               0x00000000   Number         0  stubs.o ABSOLUTE
    _printf_wctomb                           0x00000000   Number         0  stubs.o ABSOLUTE
    _printf_widthprec                        0x00000000   Number         0  stubs.o ABSOLUTE
    _printf_x                                0x00000000   Number         0  stubs.o ABSOLUTE
    __cpp_initialize__aeabi_                  - Undefined Weak Reference
    __cxa_finalize                            - Undefined Weak Reference
    __decompress                              - Undefined Weak Reference
    _clock_init                               - Undefined Weak Reference
    _microlib_exit                            - Undefined Weak Reference
    __Vectors_Size                           0x000000c0   Number         0  startup_stm32f0xx.o ABSOLUTE
    __Vectors                                0x08000000   Data           4  startup_stm32f0xx.o(RESET)
    __Vectors_End                            0x080000c0   Data           0  startup_stm32f0xx.o(RESET)
    __main                                   0x080000c1   Thumb Code     0  entry.o(.ARM.Collect$$$$00000000)
    _main_stk                                0x080000c1   Thumb Code     0  entry2.o(.ARM.Collect$$$$00000001)
    _main_scatterload                        0x080000c5   Thumb Code     0  entry5.o(.ARM.Collect$$$$00000004)
    __main_after_scatterload                 0x080000c9   Thumb Code     0  entry5.o(.ARM.Collect$$$$00000004)
    _main_clock                              0x080000c9   Thumb Code     0  entry7b.o(.ARM.Collect$$$$00000008)
    _main_cpp_init                           0x080000c9   Thumb Code     0  entry8b.o(.ARM.Collect$$$$0000000A)
    _main_init                               0x080000c9   Thumb Code     0  entry9a.o(.ARM.Collect$$$$0000000B)
    __rt_final_cpp                           0x080000d1   Thumb Code     0  entry10a.o(.ARM.Collect$$$$0000000D)
    __rt_final_exit                          0x080000d1   Thumb Code     0  entry11a.o(.ARM.Collect$$$$0000000F)
    userInit                                 0x080000d5   Thumb Code    30  main.o(.text)
    userHandle                               0x080000f3   Thumb Code    88  main.o(.text)
    key1ShortPress                           0x0800014b   Thumb Code    16  main.o(.text)
    key1LongPress                            0x0800015b   Thumb Code    16  main.o(.text)
    key2ShortPress                           0x0800016b   Thumb Code    26  main.o(.text)
    key2LongPress                            0x08000185   Thumb Code    26  main.o(.text)
    keyInit                                  0x0800019f   Thumb Code    98  main.o(.text)
    main                                     0x08000201   Thumb Code   132  main.o(.text)
    NMI_Handler                              0x08000381   Thumb Code     2  stm32f0xx_it.o(.text)
    HardFault_Handler                        0x08000383   Thumb Code     2  stm32f0xx_it.o(.text)
    SVC_Handler                              0x08000385   Thumb Code     2  stm32f0xx_it.o(.text)
    PendSV_Handler                           0x08000387   Thumb Code     2  stm32f0xx_it.o(.text)
    SysTick_Handler                          0x08000389   Thumb Code     2  stm32f0xx_it.o(.text)
    USART1_IRQHandler                        0x0800038b   Thumb Code    28  stm32f0xx_it.o(.text)
    SystemInit                               0x080003b1   Thumb Code    84  system_stm32f0xx.o(.text)
    SystemCoreClockUpdate                    0x08000405   Thumb Code    90  system_stm32f0xx.o(.text)
    Reset_Handler                            0x080004d1   Thumb Code     8  startup_stm32f0xx.o(.text)
    ADC1_COMP_IRQHandler                     0x080004e3   Thumb Code     0  startup_stm32f0xx.o(.text)
    CEC_IRQHandler                           0x080004e3   Thumb Code     0  startup_stm32f0xx.o(.text)
    DMA1_Channel1_IRQHandler                 0x080004e3   Thumb Code     0  startup_stm32f0xx.o(.text)
    DMA1_Channel2_3_IRQHandler               0x080004e3   Thumb Code     0  startup_stm32f0xx.o(.text)
    DMA1_Channel4_5_IRQHandler               0x080004e3   Thumb Code     0  startup_stm32f0xx.o(.text)
    EXTI0_1_IRQHandler                       0x080004e3   Thumb Code     0  startup_stm32f0xx.o(.text)
    EXTI2_3_IRQHandler                       0x080004e3   Thumb Code     0  startup_stm32f0xx.o(.text)
    EXTI4_15_IRQHandler                      0x080004e3   Thumb Code     0  startup_stm32f0xx.o(.text)
    FLASH_IRQHandler                         0x080004e3   Thumb Code     0  startup_stm32f0xx.o(.text)
    I2C1_IRQHandler                          0x080004e3   Thumb Code     0  startup_stm32f0xx.o(.text)
    I2C2_IRQHandler                          0x080004e3   Thumb Code     0  startup_stm32f0xx.o(.text)
    PVD_IRQHandler                           0x080004e3   Thumb Code     0  startup_stm32f0xx.o(.text)
    RCC_IRQHandler                           0x080004e3   Thumb Code     0  startup_stm32f0xx.o(.text)
    RTC_IRQHandler                           0x080004e3   Thumb Code     0  startup_stm32f0xx.o(.text)
    SPI1_IRQHandler                          0x080004e3   Thumb Code     0  startup_stm32f0xx.o(.text)
    SPI2_IRQHandler                          0x080004e3   Thumb Code     0  startup_stm32f0xx.o(.text)
    TIM14_IRQHandler                         0x080004e3   Thumb Code     0  startup_stm32f0xx.o(.text)
    TIM15_IRQHandler                         0x080004e3   Thumb Code     0  startup_stm32f0xx.o(.text)
    TIM16_IRQHandler                         0x080004e3   Thumb Code     0  startup_stm32f0xx.o(.text)
    TIM17_IRQHandler                         0x080004e3   Thumb Code     0  startup_stm32f0xx.o(.text)
    TIM1_BRK_UP_TRG_COM_IRQHandler           0x080004e3   Thumb Code     0  startup_stm32f0xx.o(.text)
    TIM1_CC_IRQHandler                       0x080004e3   Thumb Code     0  startup_stm32f0xx.o(.text)
    TIM6_DAC_IRQHandler                      0x080004e3   Thumb Code     0  startup_stm32f0xx.o(.text)
    TS_IRQHandler                            0x080004e3   Thumb Code     0  startup_stm32f0xx.o(.text)
    WWDG_IRQHandler                          0x080004e3   Thumb Code     0  startup_stm32f0xx.o(.text)
    GPIO_DeInit                              0x080004ed   Thumb Code    78  stm32f0xx_gpio.o(.text)
    GPIO_Init                                0x0800053b   Thumb Code   112  stm32f0xx_gpio.o(.text)
    GPIO_StructInit                          0x080005ab   Thumb Code    18  stm32f0xx_gpio.o(.text)
    GPIO_PinLockConfig                       0x080005bd   Thumb Code    26  stm32f0xx_gpio.o(.text)
    GPIO_ReadInputDataBit                    0x080005d7   Thumb Code    14  stm32f0xx_gpio.o(.text)
    GPIO_ReadInputData                       0x080005e5   Thumb Code     4  stm32f0xx_gpio.o(.text)
    GPIO_ReadOutputDataBit                   0x080005e9   Thumb Code    14  stm32f0xx_gpio.o(.text)
    GPIO_ReadOutputData                      0x080005f7   Thumb Code     4  stm32f0xx_gpio.o(.text)
    GPIO_SetBits                             0x080005fb   Thumb Code     4  stm32f0xx_gpio.o(.text)
    GPIO_ResetBits                           0x080005ff   Thumb Code     4  stm32f0xx_gpio.o(.text)
    GPIO_WriteBit                            0x08000603   Thumb Code    12  stm32f0xx_gpio.o(.text)
    GPIO_Write                               0x0800060f   Thumb Code     4  stm32f0xx_gpio.o(.text)
    GPIO_PinAFConfig                         0x08000613   Thumb Code    32  stm32f0xx_gpio.o(.text)
    RCC_DeInit                               0x08000649   Thumb Code    78  stm32f0xx_rcc.o(.text)
    RCC_HSEConfig                            0x08000697   Thumb Code    10  stm32f0xx_rcc.o(.text)
    RCC_GetFlagStatus                        0x080006a1   Thumb Code    48  stm32f0xx_rcc.o(.text)
    RCC_WaitForHSEStartUp                    0x080006d1   Thumb Code    44  stm32f0xx_rcc.o(.text)
    RCC_AdjustHSICalibrationValue            0x080006fd   Thumb Code    16  stm32f0xx_rcc.o(.text)
    RCC_HSICmd                               0x0800070d   Thumb Code    22  stm32f0xx_rcc.o(.text)
    RCC_AdjustHSI14CalibrationValue          0x08000723   Thumb Code    16  stm32f0xx_rcc.o(.text)
    RCC_HSI14Cmd                             0x08000733   Thumb Code    22  stm32f0xx_rcc.o(.text)
    RCC_HSI14ADCRequestCmd                   0x08000749   Thumb Code    20  stm32f0xx_rcc.o(.text)
    RCC_LSEConfig                            0x0800075d   Thumb Code    26  stm32f0xx_rcc.o(.text)
    RCC_LSEDriveConfig                       0x08000777   Thumb Code    18  stm32f0xx_rcc.o(.text)
    RCC_LSICmd                               0x08000789   Thumb Code    22  stm32f0xx_rcc.o(.text)
    RCC_PLLConfig                            0x0800079f   Thumb Code    24  stm32f0xx_rcc.o(.text)
    RCC_PLLCmd                               0x080007b7   Thumb Code    22  stm32f0xx_rcc.o(.text)
    RCC_PREDIV1Config                        0x080007cd   Thumb Code    14  stm32f0xx_rcc.o(.text)
    RCC_ClockSecuritySystemCmd               0x080007db   Thumb Code    22  stm32f0xx_rcc.o(.text)
    RCC_MCOConfig                            0x080007f1   Thumb Code     6  stm32f0xx_rcc.o(.text)
    RCC_SYSCLKConfig                         0x080007f7   Thumb Code    14  stm32f0xx_rcc.o(.text)
    RCC_GetSYSCLKSource                      0x08000805   Thumb Code    10  stm32f0xx_rcc.o(.text)
    RCC_HCLKConfig                           0x0800080f   Thumb Code    14  stm32f0xx_rcc.o(.text)
    RCC_PCLKConfig                           0x0800081d   Thumb Code    16  stm32f0xx_rcc.o(.text)
    RCC_ADCCLKConfig                         0x0800082d   Thumb Code    38  stm32f0xx_rcc.o(.text)
    RCC_CECCLKConfig                         0x08000853   Thumb Code    18  stm32f0xx_rcc.o(.text)
    RCC_I2CCLKConfig                         0x08000865   Thumb Code    18  stm32f0xx_rcc.o(.text)
    RCC_USARTCLKConfig                       0x08000877   Thumb Code    18  stm32f0xx_rcc.o(.text)
    RCC_GetClocksFreq                        0x08000889   Thumb Code   208  stm32f0xx_rcc.o(.text)
    RCC_RTCCLKConfig                         0x08000959   Thumb Code    10  stm32f0xx_rcc.o(.text)
    RCC_RTCCLKCmd                            0x08000963   Thumb Code    20  stm32f0xx_rcc.o(.text)
    RCC_BackupResetCmd                       0x08000977   Thumb Code    22  stm32f0xx_rcc.o(.text)
    RCC_AHBPeriphClockCmd                    0x0800098d   Thumb Code    18  stm32f0xx_rcc.o(.text)
    RCC_APB2PeriphClockCmd                   0x0800099f   Thumb Code    18  stm32f0xx_rcc.o(.text)
    RCC_APB1PeriphClockCmd                   0x080009b1   Thumb Code    18  stm32f0xx_rcc.o(.text)
    RCC_AHBPeriphResetCmd                    0x080009c3   Thumb Code    18  stm32f0xx_rcc.o(.text)
    RCC_APB2PeriphResetCmd                   0x080009d5   Thumb Code    18  stm32f0xx_rcc.o(.text)
    RCC_APB1PeriphResetCmd                   0x080009e7   Thumb Code    18  stm32f0xx_rcc.o(.text)
    RCC_ITConfig                             0x080009f9   Thumb Code    18  stm32f0xx_rcc.o(.text)
    RCC_ClearFlag                            0x08000a0b   Thumb Code    14  stm32f0xx_rcc.o(.text)
    RCC_GetITStatus                          0x08000a19   Thumb Code    48  stm32f0xx_rcc.o(.text)
    RCC_ClearITPendingBit                    0x08000a49   Thumb Code     6  stm32f0xx_rcc.o(.text)
    NVIC_Init                                0x08000a55   Thumb Code    70  stm32f0xx_misc.o(.text)
    NVIC_SystemLPConfig                      0x08000a9b   Thumb Code    18  stm32f0xx_misc.o(.text)
    SysTick_CLKSourceConfig                  0x08000aad   Thumb Code    20  stm32f0xx_misc.o(.text)
    TIM_DeInit                               0x08000ad1   Thumb Code   152  stm32f0xx_tim.o(.text)
    TIM_TimeBaseInit                         0x08000b69   Thumb Code    88  stm32f0xx_tim.o(.text)
    TIM_TimeBaseStructInit                   0x08000bc1   Thumb Code    18  stm32f0xx_tim.o(.text)
    TIM_PrescalerConfig                      0x08000bd3   Thumb Code     6  stm32f0xx_tim.o(.text)
    TIM_CounterModeConfig                    0x08000bd9   Thumb Code    12  stm32f0xx_tim.o(.text)
    TIM_SetCounter                           0x08000be5   Thumb Code     4  stm32f0xx_tim.o(.text)
    TIM_SetAutoreload                        0x08000be9   Thumb Code     4  stm32f0xx_tim.o(.text)
    TIM_GetCounter                           0x08000bed   Thumb Code     4  stm32f0xx_tim.o(.text)
    TIM_GetPrescaler                         0x08000bf1   Thumb Code     4  stm32f0xx_tim.o(.text)
    TIM_UpdateDisableConfig                  0x08000bf5   Thumb Code    18  stm32f0xx_tim.o(.text)
    TIM_UpdateRequestConfig                  0x08000c07   Thumb Code    18  stm32f0xx_tim.o(.text)
    TIM_ARRPreloadConfig                     0x08000c19   Thumb Code    18  stm32f0xx_tim.o(.text)
    TIM_SelectOnePulseMode                   0x08000c2b   Thumb Code    16  stm32f0xx_tim.o(.text)
    TIM_SetClockDivision                     0x08000c3b   Thumb Code    16  stm32f0xx_tim.o(.text)
    TIM_Cmd                                  0x08000c4b   Thumb Code    20  stm32f0xx_tim.o(.text)
    TIM_BDTRConfig                           0x08000c5f   Thumb Code    34  stm32f0xx_tim.o(.text)
    TIM_BDTRStructInit                       0x08000c81   Thumb Code    18  stm32f0xx_tim.o(.text)
    TIM_CtrlPWMOutputs                       0x08000c93   Thumb Code    24  stm32f0xx_tim.o(.text)
    TIM_OC1Init                              0x08000cab   Thumb Code   104  stm32f0xx_tim.o(.text)
    TIM_OC2Init                              0x08000d13   Thumb Code   110  stm32f0xx_tim.o(.text)
    TIM_OC3Init                              0x08000d81   Thumb Code   110  stm32f0xx_tim.o(.text)
    TIM_OC4Init                              0x08000def   Thumb Code    78  stm32f0xx_tim.o(.text)
    TIM_OCStructInit                         0x08000e3d   Thumb Code    20  stm32f0xx_tim.o(.text)
    TIM_SelectOCxM                           0x08000e51   Thumb Code    70  stm32f0xx_tim.o(.text)
    TIM_SetCompare1                          0x08000e97   Thumb Code     4  stm32f0xx_tim.o(.text)
    TIM_SetCompare2                          0x08000e9b   Thumb Code     4  stm32f0xx_tim.o(.text)
    TIM_SetCompare3                          0x08000e9f   Thumb Code     4  stm32f0xx_tim.o(.text)
    TIM_SetCompare4                          0x08000ea3   Thumb Code     4  stm32f0xx_tim.o(.text)
    TIM_ForcedOC1Config                      0x08000ea7   Thumb Code    86  stm32f0xx_tim.o(.text)
    TIM_ForcedOC2Config                      0x08000efd   Thumb Code    14  stm32f0xx_tim.o(.text)
    TIM_ForcedOC3Config                      0x08000f0b   Thumb Code    12  stm32f0xx_tim.o(.text)
    TIM_ForcedOC4Config                      0x08000f17   Thumb Code    14  stm32f0xx_tim.o(.text)
    TIM_CCPreloadControl                     0x08000f25   Thumb Code    20  stm32f0xx_tim.o(.text)
    TIM_OC1PreloadConfig                     0x08000f39   Thumb Code    12  stm32f0xx_tim.o(.text)
    TIM_OC2PreloadConfig                     0x08000f45   Thumb Code    14  stm32f0xx_tim.o(.text)
    TIM_OC3PreloadConfig                     0x08000f53   Thumb Code    12  stm32f0xx_tim.o(.text)
    TIM_OC4PreloadConfig                     0x08000f5f   Thumb Code    14  stm32f0xx_tim.o(.text)
    TIM_OC1FastConfig                        0x08000f6d   Thumb Code    12  stm32f0xx_tim.o(.text)
    TIM_OC2FastConfig                        0x08000f79   Thumb Code    14  stm32f0xx_tim.o(.text)
    TIM_OC3FastConfig                        0x08000f87   Thumb Code    12  stm32f0xx_tim.o(.text)
    TIM_OC4FastConfig                        0x08000f93   Thumb Code    14  stm32f0xx_tim.o(.text)
    TIM_ClearOC1Ref                          0x08000fa1   Thumb Code    12  stm32f0xx_tim.o(.text)
    TIM_ClearOC2Ref                          0x08000fad   Thumb Code    14  stm32f0xx_tim.o(.text)
    TIM_ClearOC3Ref                          0x08000fbb   Thumb Code    12  stm32f0xx_tim.o(.text)
    TIM_ClearOC4Ref                          0x08000fc7   Thumb Code    14  stm32f0xx_tim.o(.text)
    TIM_OC1PolarityConfig                    0x08000fd5   Thumb Code    12  stm32f0xx_tim.o(.text)
    TIM_OC1NPolarityConfig                   0x08000fe1   Thumb Code    12  stm32f0xx_tim.o(.text)
    TIM_OC2PolarityConfig                    0x08000fed   Thumb Code    14  stm32f0xx_tim.o(.text)
    TIM_OC2NPolarityConfig                   0x08000ffb   Thumb Code    14  stm32f0xx_tim.o(.text)
    TIM_OC3PolarityConfig                    0x08001009   Thumb Code    14  stm32f0xx_tim.o(.text)
    TIM_OC3NPolarityConfig                   0x08001017   Thumb Code    14  stm32f0xx_tim.o(.text)
    TIM_OC4PolarityConfig                    0x08001025   Thumb Code    14  stm32f0xx_tim.o(.text)
    TIM_SelectOCREFClear                     0x08001033   Thumb Code    16  stm32f0xx_tim.o(.text)
    TIM_CCxCmd                               0x08001043   Thumb Code    22  stm32f0xx_tim.o(.text)
    TIM_CCxNCmd                              0x08001059   Thumb Code    22  stm32f0xx_tim.o(.text)
    TIM_SelectCOM                            0x0800106f   Thumb Code    18  stm32f0xx_tim.o(.text)
    TIM_SetIC4Prescaler                      0x08001081   Thumb Code    18  stm32f0xx_tim.o(.text)
    TIM_SetIC3Prescaler                      0x08001093   Thumb Code    16  stm32f0xx_tim.o(.text)
    TIM_SetIC2Prescaler                      0x080010a3   Thumb Code    18  stm32f0xx_tim.o(.text)
    TIM_SetIC1Prescaler                      0x080010df   Thumb Code    16  stm32f0xx_tim.o(.text)
    TIM_ICInit                               0x08001117   Thumb Code   162  stm32f0xx_tim.o(.text)
    TIM_ICStructInit                         0x080011b9   Thumb Code    16  stm32f0xx_tim.o(.text)
    TIM_PWMIConfig                           0x080011c9   Thumb Code   104  stm32f0xx_tim.o(.text)
    TIM_GetCapture1                          0x08001231   Thumb Code     4  stm32f0xx_tim.o(.text)
    TIM_GetCapture2                          0x08001235   Thumb Code     4  stm32f0xx_tim.o(.text)
    TIM_GetCapture3                          0x08001239   Thumb Code     4  stm32f0xx_tim.o(.text)
    TIM_GetCapture4                          0x0800123d   Thumb Code     4  stm32f0xx_tim.o(.text)
    TIM_ITConfig                             0x08001241   Thumb Code    16  stm32f0xx_tim.o(.text)
    TIM_GenerateEvent                        0x08001251   Thumb Code     4  stm32f0xx_tim.o(.text)
    TIM_GetFlagStatus                        0x08001255   Thumb Code    14  stm32f0xx_tim.o(.text)
    TIM_ClearFlag                            0x08001263   Thumb Code     6  stm32f0xx_tim.o(.text)
    TIM_GetITStatus                          0x08001269   Thumb Code    24  stm32f0xx_tim.o(.text)
    TIM_ClearITPendingBit                    0x08001281   Thumb Code     6  stm32f0xx_tim.o(.text)
    TIM_DMAConfig                            0x08001287   Thumb Code     8  stm32f0xx_tim.o(.text)
    TIM_DMACmd                               0x0800128f   Thumb Code    16  stm32f0xx_tim.o(.text)
    TIM_SelectCCDMA                          0x0800129f   Thumb Code    18  stm32f0xx_tim.o(.text)
    TIM_InternalClockConfig                  0x080012b1   Thumb Code    10  stm32f0xx_tim.o(.text)
    TIM_SelectInputTrigger                   0x080012bb   Thumb Code    12  stm32f0xx_tim.o(.text)
    TIM_ITRxExternalClockConfig              0x080012c7   Thumb Code    62  stm32f0xx_tim.o(.text)
    TIM_TIxExternalClockConfig               0x08001305   Thumb Code    48  stm32f0xx_tim.o(.text)
    TIM_ETRConfig                            0x08001335   Thumb Code    18  stm32f0xx_tim.o(.text)
    TIM_ETRClockMode1Config                  0x08001347   Thumb Code    28  stm32f0xx_tim.o(.text)
    TIM_ETRClockMode2Config                  0x08001363   Thumb Code    20  stm32f0xx_tim.o(.text)
    TIM_SelectOutputTrigger                  0x08001377   Thumb Code    16  stm32f0xx_tim.o(.text)
    TIM_SelectSlaveMode                      0x08001387   Thumb Code    16  stm32f0xx_tim.o(.text)
    TIM_SelectMasterSlaveMode                0x08001397   Thumb Code    16  stm32f0xx_tim.o(.text)
    TIM_EncoderInterfaceConfig               0x080013a7   Thumb Code    42  stm32f0xx_tim.o(.text)
    TIM_SelectHallSensor                     0x080013d1   Thumb Code    18  stm32f0xx_tim.o(.text)
    TIM_RemapConfig                          0x080013e3   Thumb Code     6  stm32f0xx_tim.o(.text)
    USART_DeInit                             0x080013ed   Thumb Code    54  stm32f0xx_usart.o(.text)
    USART_Init                               0x08001423   Thumb Code   166  stm32f0xx_usart.o(.text)
    USART_StructInit                         0x080014c9   Thumb Code    22  stm32f0xx_usart.o(.text)
    USART_ClockInit                          0x080014df   Thumb Code    28  stm32f0xx_usart.o(.text)
    USART_ClockStructInit                    0x080014fb   Thumb Code    12  stm32f0xx_usart.o(.text)
    USART_Cmd                                0x08001507   Thumb Code    20  stm32f0xx_usart.o(.text)
    USART_DirectionModeCmd                   0x0800151b   Thumb Code    16  stm32f0xx_usart.o(.text)
    USART_OverSampling8Cmd                   0x0800152b   Thumb Code    20  stm32f0xx_usart.o(.text)
    USART_OneBitMethodCmd                    0x0800153f   Thumb Code    20  stm32f0xx_usart.o(.text)
    USART_MSBFirstCmd                        0x08001553   Thumb Code    20  stm32f0xx_usart.o(.text)
    USART_DataInvCmd                         0x08001567   Thumb Code    20  stm32f0xx_usart.o(.text)
    USART_InvPinCmd                          0x0800157b   Thumb Code    16  stm32f0xx_usart.o(.text)
    USART_SWAPPinCmd                         0x0800158b   Thumb Code    20  stm32f0xx_usart.o(.text)
    USART_ReceiverTimeOutCmd                 0x0800159f   Thumb Code    20  stm32f0xx_usart.o(.text)
    USART_SetReceiverTimeOut                 0x080015b3   Thumb Code    16  stm32f0xx_usart.o(.text)
    USART_SetPrescaler                       0x080015c3   Thumb Code    16  stm32f0xx_usart.o(.text)
    USART_STOPModeCmd                        0x080015d3   Thumb Code    18  stm32f0xx_usart.o(.text)
    USART_StopModeWakeUpSourceConfig         0x080015e5   Thumb Code    18  stm32f0xx_usart.o(.text)
    USART_AutoBaudRateCmd                    0x080015f7   Thumb Code    20  stm32f0xx_usart.o(.text)
    USART_AutoBaudRateConfig                 0x0800160b   Thumb Code    18  stm32f0xx_usart.o(.text)
    USART_AutoBaudRateNewRequest             0x0800161d   Thumb Code    12  stm32f0xx_usart.o(.text)
    USART_SendData                           0x08001629   Thumb Code     8  stm32f0xx_usart.o(.text)
    USART_ReceiveData                        0x08001631   Thumb Code     8  stm32f0xx_usart.o(.text)
    USART_SetAddress                         0x08001639   Thumb Code    18  stm32f0xx_usart.o(.text)
    USART_MuteModeCmd                        0x0800164b   Thumb Code    20  stm32f0xx_usart.o(.text)
    USART_MuteModeWakeUpConfig               0x0800165f   Thumb Code    18  stm32f0xx_usart.o(.text)
    USART_AddressDetectionConfig             0x08001671   Thumb Code    16  stm32f0xx_usart.o(.text)
    USART_LINBreakDetectLengthConfig         0x08001681   Thumb Code    16  stm32f0xx_usart.o(.text)
    USART_LINCmd                             0x08001691   Thumb Code    20  stm32f0xx_usart.o(.text)
    USART_HalfDuplexCmd                      0x080016a5   Thumb Code    18  stm32f0xx_usart.o(.text)
    USART_SetGuardTime                       0x080016b7   Thumb Code    16  stm32f0xx_usart.o(.text)
    USART_SmartCardCmd                       0x080016c7   Thumb Code    18  stm32f0xx_usart.o(.text)
    USART_SmartCardNACKCmd                   0x080016d9   Thumb Code    18  stm32f0xx_usart.o(.text)
    USART_SetAutoRetryCount                  0x080016eb   Thumb Code    20  stm32f0xx_usart.o(.text)
    USART_SetBlockLength                     0x080016ff   Thumb Code    18  stm32f0xx_usart.o(.text)
    USART_IrDAConfig                         0x08001711   Thumb Code    16  stm32f0xx_usart.o(.text)
    USART_IrDACmd                            0x08001721   Thumb Code    18  stm32f0xx_usart.o(.text)
    USART_DECmd                              0x08001733   Thumb Code    20  stm32f0xx_usart.o(.text)
    USART_DEPolarityConfig                   0x08001747   Thumb Code    18  stm32f0xx_usart.o(.text)
    USART_SetDEAssertionTime                 0x08001759   Thumb Code    20  stm32f0xx_usart.o(.text)
    USART_SetDEDeassertionTime               0x0800176d   Thumb Code    20  stm32f0xx_usart.o(.text)
    USART_DMACmd                             0x08001781   Thumb Code    16  stm32f0xx_usart.o(.text)
    USART_DMAReceptionErrorConfig            0x08001791   Thumb Code    18  stm32f0xx_usart.o(.text)
    USART_ITConfig                           0x080017a3   Thumb Code    54  stm32f0xx_usart.o(.text)
    USART_RequestCmd                         0x080017d9   Thumb Code    16  stm32f0xx_usart.o(.text)
    USART_OverrunDetectionConfig             0x080017e9   Thumb Code    18  stm32f0xx_usart.o(.text)
    USART_GetFlagStatus                      0x080017fb   Thumb Code    14  stm32f0xx_usart.o(.text)
    USART_ClearFlag                          0x08001809   Thumb Code     4  stm32f0xx_usart.o(.text)
    USART_GetITStatus                        0x0800180d   Thumb Code    56  stm32f0xx_usart.o(.text)
    USART_ClearITPendingBit                  0x08001845   Thumb Code    10  stm32f0xx_usart.o(.text)
    delay_init                               0x08001851   Thumb Code    36  delay.o(.text)
    delay_us                                 0x08001875   Thumb Code    46  delay.o(.text)
    delay_ms                                 0x080018a3   Thumb Code    46  delay.o(.text)
    USART1_Config                            0x080018e1   Thumb Code   136  bsp_usart.o(.text)
    USART2_Config                            0x08001969   Thumb Code   138  bsp_usart.o(.text)
    Usart_SendStr_length                     0x080019f3   Thumb Code    26  bsp_usart.o(.text)
    Usart_SendString                         0x08001a0d   Thumb Code    26  bsp_usart.o(.text)
    fputc                                    0x08001a27   Thumb Code    30  bsp_usart.o(.text)
    getKey                                   0x08001a69   Thumb Code    92  hal_key.o(.text)
    readKeyValue                             0x08001ac5   Thumb Code   138  hal_key.o(.text)
    keyHandle                                0x08001b4f   Thumb Code   130  hal_key.o(.text)
    TIM2_IRQHandler                          0x08001bd1   Thumb Code    32  hal_key.o(.text)
    timer2Init                               0x08001bf1   Thumb Code    74  hal_key.o(.text)
    keyInitOne                               0x08001c3b   Thumb Code    90  hal_key.o(.text)
    keyParaInit                              0x08001c95   Thumb Code   118  hal_key.o(.text)
    tim3GpioConfig                           0x08001d19   Thumb Code    78  hal_motor.o(.text)
    tim3ModeConfig                           0x08001d67   Thumb Code   106  hal_motor.o(.text)
    motorControl                             0x08001dd1   Thumb Code    26  hal_motor.o(.text)
    motorStatus                              0x08001deb   Thumb Code    32  hal_motor.o(.text)
    motorInit                                0x08001e0b   Thumb Code    38  hal_motor.o(.text)
    DHT11_Init                               0x08001e39   Thumb Code    48  bsp_dht11.o(.text)
    DHT11_Read_TempAndHumidity               0x08001ec1   Thumb Code   162  bsp_dht11.o(.text)
    rgbKeyGpioInit                           0x08001f85   Thumb Code    38  hal_rgb_led.o(.text)
    ledDelay                                 0x08001fab   Thumb Code    16  hal_rgb_led.o(.text)
    clkProduce                               0x08001fbb   Thumb Code    38  hal_rgb_led.o(.text)
    send32Zero                               0x08001fe1   Thumb Code    28  hal_rgb_led.o(.text)
    takeAntiCode                             0x08001ffd   Thumb Code     8  hal_rgb_led.o(.text)
    datSend                                  0x08002005   Thumb Code    46  hal_rgb_led.o(.text)
    dataDealWithAndSend                      0x08002033   Thumb Code    54  hal_rgb_led.o(.text)
    rgbLedInit                               0x08002069   Thumb Code    64  hal_rgb_led.o(.text)
    ledRgbControl                            0x080020a9   Thumb Code    44  hal_rgb_led.o(.text)
    gizwitsEventProcess                      0x080020d9   Thumb Code   384  gizwits_product.o(.text)
    mcuRestart                               0x08002259   Thumb Code    22  gizwits_product.o(.text)
    TIM3_IRQHandler                          0x0800226f   Thumb Code    30  gizwits_product.o(.text)
    timerInit                                0x0800228d   Thumb Code    72  gizwits_product.o(.text)
    USART2_IRQHandler                        0x080022d5   Thumb Code    46  gizwits_product.o(.text)
    uartWrite                                0x08002303   Thumb Code   118  gizwits_product.o(.text)
    uartInit                                 0x08002379   Thumb Code   148  gizwits_product.o(.text)
    gizPutData                               0x0800267d   Thumb Code    40  gizwits_protocol.o(.text)
    gizTimerMs                               0x080026a5   Thumb Code    20  gizwits_protocol.o(.text)
    gizGetTimerCount                         0x080026b9   Thumb Code    10  gizwits_protocol.o(.text)
    gizwitsInit                              0x080039c1   Thumb Code    40  gizwits_protocol.o(.text)
    gizwitsSetMode                           0x080039e9   Thumb Code   222  gizwits_protocol.o(.text)
    gizwitsGetNTP                            0x08003ac7   Thumb Code    86  gizwits_protocol.o(.text)
    gizwitsHandle                            0x08003b1d   Thumb Code   998  gizwits_protocol.o(.text)
    __aeabi_uidiv                            0x080041a5   Thumb Code     0  uidiv.o(.text)
    __aeabi_uidivmod                         0x080041a5   Thumb Code    44  uidiv.o(.text)
    __aeabi_memcpy                           0x080041d1   Thumb Code    36  memcpya.o(.text)
    __aeabi_memcpy4                          0x080041d1   Thumb Code     0  memcpya.o(.text)
    __aeabi_memcpy8                          0x080041d1   Thumb Code     0  memcpya.o(.text)
    __aeabi_memset                           0x080041f5   Thumb Code    14  memseta.o(.text)
    __aeabi_memset4                          0x080041f5   Thumb Code     0  memseta.o(.text)
    __aeabi_memset8                          0x080041f5   Thumb Code     0  memseta.o(.text)
    __aeabi_memclr                           0x08004203   Thumb Code     4  memseta.o(.text)
    __aeabi_memclr4                          0x08004203   Thumb Code     0  memseta.o(.text)
    __aeabi_memclr8                          0x08004203   Thumb Code     0  memseta.o(.text)
    _memset$wrapper                          0x08004207   Thumb Code    18  memseta.o(.text)
    __aeabi_uread4                           0x08004219   Thumb Code    20  uread4.o(.text)
    __rt_uread4                              0x08004219   Thumb Code     0  uread4.o(.text)
    _uread4                                  0x08004219   Thumb Code     0  uread4.o(.text)
    __aeabi_uwrite4                          0x0800422d   Thumb Code    18  uwrite4.o(.text)
    __rt_uwrite4                             0x0800422d   Thumb Code     0  uwrite4.o(.text)
    _uwrite4                                 0x0800422d   Thumb Code     0  uwrite4.o(.text)
    __aeabi_uldivmod                         0x0800423f   Thumb Code    96  uldiv.o(.text)
    __scatterload                            0x080042a1   Thumb Code    28  init.o(.text)
    __scatterload_rt2                        0x080042a1   Thumb Code     0  init.o(.text)
    __aeabi_llsl                             0x080042c5   Thumb Code    32  llshl.o(.text)
    _ll_shift_l                              0x080042c5   Thumb Code     0  llshl.o(.text)
    __aeabi_llsr                             0x080042e5   Thumb Code    34  llushr.o(.text)
    _ll_ushift_r                             0x080042e5   Thumb Code     0  llushr.o(.text)
    __0printf$8                              0x08004309   Thumb Code    24  printf8.o(i.__0printf$8)
    __1printf$8                              0x08004309   Thumb Code     0  printf8.o(i.__0printf$8)
    __2printf                                0x08004309   Thumb Code     0  printf8.o(i.__0printf$8)
    __ARM_common_switch8                     0x08004329   Thumb Code    26  gizwits_product.o(i.__ARM_common_switch8)
    __scatterload_copy                       0x08004343   Thumb Code    14  handlers.o(i.__scatterload_copy)
    __scatterload_null                       0x08004351   Thumb Code     2  handlers.o(i.__scatterload_null)
    __scatterload_zeroinit                   0x08004353   Thumb Code    14  handlers.o(i.__scatterload_zeroinit)
    Region$$Table$$Base                      0x08004818   Number         0  anon$$obj.o(Region$$Table)
    Region$$Table$$Limit                     0x08004838   Number         0  anon$$obj.o(Region$$Table)
    test                                     0x20000000   Data           2  main.o(.data)
    DHT11_Data                               0x20000008   Data           5  main.o(.data)
    keys                                     0x2000000d   Data           5  main.o(.data)
    SystemCoreClock                          0x20000014   Data           4  system_stm32f0xx.o(.data)
    AHBPrescTable                            0x20000018   Data          16  system_stm32f0xx.o(.data)
    keyCountTime                             0x20000040   Data           1  hal_key.o(.data)
    value                                    0x20000046   Data           1  gizwits_product.o(.data)
    __stdout                                 0x20000054   Data           4  stdout.o(.data)
    currentDataPoint                         0x20000058   Data          36  main.o(.bss)
    singleKey                                0x2000007c   Data          42  main.o(.bss)
    RCC_ClockFreq                            0x200000a8   Data          28  main.o(.bss)
    gizwitsProtocol                          0x200000c4   Data        3035  gizwits_protocol.o(.bss)
    pRb                                      0x20000ca0   Data          16  gizwits_protocol.o(.bss)
    __initial_sp                             0x20001820   Data           0  startup_stm32f0xx.o(STACK)



==============================================================================

Memory Map of the image

  Image Entry point : 0x080000c1

  Load Region LR_IROM1 (Base: 0x08000000, Size: 0x00004890, Max: 0x00010000, ABSOLUTE)

    Execution Region ER_IROM1 (Base: 0x08000000, Size: 0x00004838, Max: 0x00010000, ABSOLUTE)

    Base Addr    Size         Type   Attr      Idx    E Section Name        Object

    0x08000000   0x000000c0   Data   RO          207    RESET               startup_stm32f0xx.o
    0x080000c0   0x00000000   Code   RO          804  * .ARM.Collect$$$$00000000  mc_p.l(entry.o)
    0x080000c0   0x00000004   Code   RO         1080    .ARM.Collect$$$$00000001  mc_p.l(entry2.o)
    0x080000c4   0x00000004   Code   RO         1083    .ARM.Collect$$$$00000004  mc_p.l(entry5.o)
    0x080000c8   0x00000000   Code   RO         1085    .ARM.Collect$$$$00000008  mc_p.l(entry7b.o)
    0x080000c8   0x00000000   Code   RO         1087    .ARM.Collect$$$$0000000A  mc_p.l(entry8b.o)
    0x080000c8   0x00000008   Code   RO         1088    .ARM.Collect$$$$0000000B  mc_p.l(entry9a.o)
    0x080000d0   0x00000000   Code   RO         1090    .ARM.Collect$$$$0000000D  mc_p.l(entry10a.o)
    0x080000d0   0x00000000   Code   RO         1092    .ARM.Collect$$$$0000000F  mc_p.l(entry11a.o)
    0x080000d0   0x00000004   Code   RO         1081    .ARM.Collect$$$$00002712  mc_p.l(entry2.o)
    0x080000d4   0x000002ac   Code   RO            2    .text               main.o
    0x08000380   0x00000030   Code   RO          158    .text               stm32f0xx_it.o
    0x080003b0   0x00000120   Code   RO          184    .text               system_stm32f0xx.o
    0x080004d0   0x0000001c   Code   RO          208    .text               startup_stm32f0xx.o
    0x080004ec   0x0000015c   Code   RO          213    .text               stm32f0xx_gpio.o
    0x08000648   0x0000040c   Code   RO          251    .text               stm32f0xx_rcc.o
    0x08000a54   0x0000007c   Code   RO          269    .text               stm32f0xx_misc.o
    0x08000ad0   0x0000091c   Code   RO          527    .text               stm32f0xx_tim.o
    0x080013ec   0x00000462   Code   RO          544    .text               stm32f0xx_usart.o
    0x0800184e   0x00000002   PAD
    0x08001850   0x00000090   Code   RO          592    .text               delay.o
    0x080018e0   0x00000188   Code   RO          626    .text               bsp_usart.o
    0x08001a68   0x000002b0   Code   RO          646    .text               hal_key.o
    0x08001d18   0x00000120   Code   RO          677    .text               hal_motor.o
    0x08001e38   0x0000014c   Code   RO          694    .text               bsp_dht11.o
    0x08001f84   0x00000154   Code   RO          729    .text               hal_rgb_led.o
    0x080020d8   0x0000044c   Code   RO          746    .text               gizwits_product.o
    0x08002524   0x00001c80   Code   RO          783    .text               gizwits_protocol.o
    0x080041a4   0x0000002c   Code   RO          807    .text               mc_p.l(uidiv.o)
    0x080041d0   0x00000024   Code   RO          809    .text               mc_p.l(memcpya.o)
    0x080041f4   0x00000024   Code   RO          811    .text               mc_p.l(memseta.o)
    0x08004218   0x00000014   Code   RO         1076    .text               mc_p.l(uread4.o)
    0x0800422c   0x00000012   Code   RO         1078    .text               mc_p.l(uwrite4.o)
    0x0800423e   0x00000060   Code   RO         1095    .text               mc_p.l(uldiv.o)
    0x0800429e   0x00000002   PAD
    0x080042a0   0x00000024   Code   RO         1108    .text               mc_p.l(init.o)
    0x080042c4   0x00000020   Code   RO         1110    .text               mc_p.l(llshl.o)
    0x080042e4   0x00000022   Code   RO         1112    .text               mc_p.l(llushr.o)
    0x08004306   0x00000002   PAD
    0x08004308   0x00000020   Code   RO         1022    i.__0printf$8       mc_p.l(printf8.o)
    0x08004328   0x0000001a   Code   RO          761    i.__ARM_common_switch8  gizwits_product.o
    0x08004342   0x0000000e   Code   RO         1122    i.__scatterload_copy  mc_p.l(handlers.o)
    0x08004350   0x00000002   Code   RO         1123    i.__scatterload_null  mc_p.l(handlers.o)
    0x08004352   0x0000000e   Code   RO         1124    i.__scatterload_zeroinit  mc_p.l(handlers.o)
    0x08004360   0x00000428   Code   RO         1029    i._printf_core      mc_p.l(printf8.o)
    0x08004788   0x00000020   Code   RO         1030    i._printf_post_padding  mc_p.l(printf8.o)
    0x080047a8   0x0000002c   Code   RO         1031    i._printf_pre_padding  mc_p.l(printf8.o)
    0x080047d4   0x00000041   Data   RO          785    .conststring        gizwits_protocol.o
    0x08004815   0x00000003   PAD
    0x08004818   0x00000020   Data   RO         1120    Region$$Table       anon$$obj.o


    Execution Region RW_IRAM1 (Base: 0x20000000, Size: 0x00001820, Max: 0x00002000, ABSOLUTE)

    Base Addr    Size         Type   Attr      Idx    E Section Name        Object

    0x20000000   0x00000012   Data   RW            4    .data               main.o
    0x20000012   0x00000002   PAD
    0x20000014   0x00000014   Data   RW          185    .data               system_stm32f0xx.o
    0x20000028   0x00000010   Data   RW          252    .data               stm32f0xx_rcc.o
    0x20000038   0x00000004   Data   RW          593    .data               delay.o
    0x2000003c   0x0000000a   Data   RW          647    .data               hal_key.o
    0x20000046   0x00000001   Data   RW          747    .data               gizwits_product.o
    0x20000047   0x00000001   PAD
    0x20000048   0x0000000c   Data   RW          786    .data               gizwits_protocol.o
    0x20000054   0x00000004   Data   RW         1094    .data               mc_p.l(stdout.o)
    0x20000058   0x0000006c   Zero   RW            3    .bss                main.o
    0x200000c4   0x00001358   Zero   RW          784    .bss                gizwits_protocol.o
    0x2000141c   0x00000004   PAD
    0x20001420   0x00000400   Zero   RW          205    STACK               startup_stm32f0xx.o


==============================================================================

Image component sizes


      Code (inc. data)   RO Data    RW Data    ZI Data      Debug   Object Name

       332          4          0          0          0       1824   bsp_dht11.o
       392         14          0          0          0       3502   bsp_usart.o
       144         16          0          4          0       1075   delay.o
      1126        304          0          1          0      15903   gizwits_product.o
      7296       2492         65         12       4952      16700   gizwits_protocol.o
       688         14          0         10          0       5416   hal_key.o
       288          8          0          0          0       1757   hal_motor.o
       340          4          0          0          0       2560   hal_rgb_led.o
       684        252          0         18        108     145303   main.o
        28          8        192          0       1024        620   startup_stm32f0xx.o
       348         22          0          0          0      88185   stm32f0xx_gpio.o
        48         10          0          0          0        965   stm32f0xx_it.o
       124         16          0          0          0       1396   stm32f0xx_misc.o
      1036         38          0         16          0       8790   stm32f0xx_rcc.o
      2332        122          0          0          0      22555   stm32f0xx_tim.o
      1122         12          0          0          0      12563   stm32f0xx_usart.o
       288         28          0         20          0       1647   system_stm32f0xx.o

    ----------------------------------------------------------------------
     16618       3364        292         84       6088     330761   Object Totals
         0          0         32          0          0          0   (incl. Generated)
         2          0          3          3          4          0   (incl. Padding)

    ----------------------------------------------------------------------

      Code (inc. data)   RO Data    RW Data    ZI Data      Debug   Library Member Name

         0          0          0          0          0          0   entry.o
         0          0          0          0          0          0   entry10a.o
         0          0          0          0          0          0   entry11a.o
         8          4          0          0          0          0   entry2.o
         4          0          0          0          0          0   entry5.o
         0          0          0          0          0          0   entry7b.o
         0          0          0          0          0          0   entry8b.o
         8          4          0          0          0          0   entry9a.o
        30          0          0          0          0          0   handlers.o
        36          8          0          0          0         68   init.o
        32          0          0          0          0         68   llshl.o
        34          0          0          0          0         68   llushr.o
        36          0          0          0          0         60   memcpya.o
        36          0          0          0          0        100   memseta.o
      1172         52          0          0          0        324   printf8.o
         0          0          0          4          0          0   stdout.o
        44          0          0          0          0         72   uidiv.o
        96          0          0          0          0         84   uldiv.o
        20          0          0          0          0         60   uread4.o
        18          0          0          0          0         60   uwrite4.o

    ----------------------------------------------------------------------
      1578         68          0          4          0        964   Library Totals
         4          0          0          0          0          0   (incl. Padding)

    ----------------------------------------------------------------------

      Code (inc. data)   RO Data    RW Data    ZI Data      Debug   Library Name

      1574         68          0          4          0        964   mc_p.l

    ----------------------------------------------------------------------
      1578         68          0          4          0        964   Library Totals

    ----------------------------------------------------------------------

==============================================================================


      Code (inc. data)   RO Data    RW Data    ZI Data      Debug   

     18196       3432        292         88       6088     329985   Grand Totals
     18196       3432        292         88       6088     329985   ELF Image Totals
     18196       3432        292         88          0          0   ROM Totals

==============================================================================

    Total RO  Size (Code + RO Data)                18488 (  18.05kB)
    Total RW  Size (RW Data + ZI Data)              6176 (   6.03kB)
    Total ROM Size (Code + RO Data + RW Data)      18576 (  18.14kB)

==============================================================================

